09:32:41.3781+07:00 - ERROR -  - ------------- BEGIN Flow.Launcher.Plugin.Program exception -------------
09:32:41.3781+07:00 - ERROR -  - 
Exception full name: System.Runtime.InteropServices.COMException
Error status: UNKNOWN
Class name: ShellLinkReader
Calling method: retrieveDescription
Program path: C:\Users\Tateisukan\AppData\Roaming\Microsoft\Windows\Start Menu\Programs\System Tools\computer.lnk
InnerException number: 1
Exception message: Unexpected HRESULT has been returned from a call to a COM component.
Exception error type: HResult -2147467259
Exception thrown in called method: Void GetDescription(Windows.Win32.Foundation.PWSTR, Int32)
Possible interpretation of the error: Error caused likely due to trying to get the description of the program
Possible resolution: Not yet known
09:32:41.3781+07:00 - ERROR -  - ------------- END Flow.Launcher.Plugin.Program exception -------------
09:32:41.3879+07:00 - ERROR -  - ------------- BEGIN Flow.Launcher.Plugin.Program exception -------------
09:32:41.3879+07:00 - ERROR -  - 
Exception full name: System.Runtime.InteropServices.COMException
Error status: UNKNOWN
Class name: ShellLinkReader
Calling method: retrieveDescription
Program path: C:\Users\Tateisukan\AppData\Roaming\Microsoft\Windows\Start Menu\Programs\System Tools\Control Panel.lnk
InnerException number: 1
Exception message: Unexpected HRESULT has been returned from a call to a COM component.
Exception error type: HResult -2147467259
Exception thrown in called method: Void GetDescription(Windows.Win32.Foundation.PWSTR, Int32)
Possible interpretation of the error: Error caused likely due to trying to get the description of the program
Possible resolution: Not yet known
09:32:41.3879+07:00 - ERROR -  - ------------- END Flow.Launcher.Plugin.Program exception -------------
09:32:41.4084+07:00 - ERROR -  - ------------- BEGIN Flow.Launcher.Plugin.Program exception -------------
09:32:41.4084+07:00 - ERROR -  - 
Exception full name: System.Runtime.InteropServices.COMException
Error status: UNKNOWN
Class name: ShellLinkReader
Calling method: retrieveDescription
Program path: C:\Users\Tateisukan\AppData\Roaming\Microsoft\Windows\Start Menu\Programs\System Tools\Run.lnk
InnerException number: 1
Exception message: Unexpected HRESULT has been returned from a call to a COM component.
Exception error type: HResult -2147467259
Exception thrown in called method: Void GetDescription(Windows.Win32.Foundation.PWSTR, Int32)
Possible interpretation of the error: Error caused likely due to trying to get the description of the program
Possible resolution: Not yet known
09:32:41.4084+07:00 - ERROR -  - ------------- END Flow.Launcher.Plugin.Program exception -------------
09:32:42.2261+07:00 - ERROR -  - ------------- BEGIN Flow.Launcher.Plugin.Program exception -------------
09:32:42.2261+07:00 - ERROR -  - 
Exception full name: System.Runtime.InteropServices.COMException
Error status: UNKNOWN
Class name: ShellLinkReader
Calling method: retrieveDescription
Program path: C:\ProgramData\Microsoft\Windows\Start Menu\Programs\Accessories\Windows Media Player.lnk
InnerException number: 1
Exception message: Unexpected HRESULT has been returned from a call to a COM component.
Exception error type: HResult -2147467259
Exception thrown in called method: Void GetDescription(Windows.Win32.Foundation.PWSTR, Int32)
Possible interpretation of the error: Error caused likely due to trying to get the description of the program
Possible resolution: Not yet known
09:32:42.2261+07:00 - ERROR -  - ------------- END Flow.Launcher.Plugin.Program exception -------------
09:34:14.4847+07:00 - ERROR -  - ------------- BEGIN Flow.Launcher.Plugin.Program exception -------------
09:34:14.4847+07:00 - ERROR -  - 
Exception full name: System.Runtime.InteropServices.COMException
Error status: UNKNOWN
Class name: ShellLinkReader
Calling method: retrieveDescription
Program path: C:\Users\Tateisukan\AppData\Roaming\Microsoft\Windows\Start Menu\Programs\System Tools\computer.lnk
InnerException number: 1
Exception message: Unexpected HRESULT has been returned from a call to a COM component.
Exception error type: HResult -2147467259
Exception thrown in called method: Void GetDescription(Windows.Win32.Foundation.PWSTR, Int32)
Possible interpretation of the error: Error caused likely due to trying to get the description of the program
Possible resolution: Not yet known
09:34:14.4847+07:00 - ERROR -  - ------------- END Flow.Launcher.Plugin.Program exception -------------
09:34:14.4937+07:00 - ERROR -  - ------------- BEGIN Flow.Launcher.Plugin.Program exception -------------
09:34:14.4937+07:00 - ERROR -  - 
Exception full name: System.Runtime.InteropServices.COMException
Error status: UNKNOWN
Class name: ShellLinkReader
Calling method: retrieveDescription
Program path: C:\Users\Tateisukan\AppData\Roaming\Microsoft\Windows\Start Menu\Programs\System Tools\Control Panel.lnk
InnerException number: 1
Exception message: Unexpected HRESULT has been returned from a call to a COM component.
Exception error type: HResult -2147467259
Exception thrown in called method: Void GetDescription(Windows.Win32.Foundation.PWSTR, Int32)
Possible interpretation of the error: Error caused likely due to trying to get the description of the program
Possible resolution: Not yet known
09:34:14.4937+07:00 - ERROR -  - ------------- END Flow.Launcher.Plugin.Program exception -------------
09:34:14.5149+07:00 - ERROR -  - ------------- BEGIN Flow.Launcher.Plugin.Program exception -------------
09:34:14.5149+07:00 - ERROR -  - 
Exception full name: System.Runtime.InteropServices.COMException
Error status: UNKNOWN
Class name: ShellLinkReader
Calling method: retrieveDescription
Program path: C:\Users\Tateisukan\AppData\Roaming\Microsoft\Windows\Start Menu\Programs\System Tools\Run.lnk
InnerException number: 1
Exception message: Unexpected HRESULT has been returned from a call to a COM component.
Exception error type: HResult -2147467259
Exception thrown in called method: Void GetDescription(Windows.Win32.Foundation.PWSTR, Int32)
Possible interpretation of the error: Error caused likely due to trying to get the description of the program
Possible resolution: Not yet known
09:34:14.5149+07:00 - ERROR -  - ------------- END Flow.Launcher.Plugin.Program exception -------------
09:34:14.6778+07:00 - ERROR -  - ------------- BEGIN Flow.Launcher.Plugin.Program exception -------------
09:34:14.6778+07:00 - ERROR -  - 
Exception full name: System.Runtime.InteropServices.COMException
Error status: UNKNOWN
Class name: ShellLinkReader
Calling method: retrieveDescription
Program path: C:\ProgramData\Microsoft\Windows\Start Menu\Programs\Accessories\Windows Media Player.lnk
InnerException number: 1
Exception message: Unexpected HRESULT has been returned from a call to a COM component.
Exception error type: HResult -2147467259
Exception thrown in called method: Void GetDescription(Windows.Win32.Foundation.PWSTR, Int32)
Possible interpretation of the error: Error caused likely due to trying to get the description of the program
Possible resolution: Not yet known
09:34:14.6778+07:00 - ERROR -  - ------------- END Flow.Launcher.Plugin.Program exception -------------
09:34:15.9995+07:00 - ERROR -  - ------------- BEGIN Flow.Launcher.Plugin.Program exception -------------
09:34:15.9995+07:00 - ERROR -  - 
Exception full name: System.Runtime.InteropServices.COMException
Error status: UNKNOWN
Class name: ShellLinkReader
Calling method: retrieveDescription
Program path: C:\Users\Tateisukan\AppData\Roaming\Microsoft\Windows\Start Menu\Programs\System Tools\computer.lnk
InnerException number: 1
Exception message: Unexpected HRESULT has been returned from a call to a COM component.
Exception error type: HResult -2147467259
Exception thrown in called method: Void GetDescription(Windows.Win32.Foundation.PWSTR, Int32)
Possible interpretation of the error: Error caused likely due to trying to get the description of the program
Possible resolution: Not yet known
09:34:15.9995+07:00 - ERROR -  - ------------- END Flow.Launcher.Plugin.Program exception -------------
09:34:16.0082+07:00 - ERROR -  - ------------- BEGIN Flow.Launcher.Plugin.Program exception -------------
09:34:16.0082+07:00 - ERROR -  - 
Exception full name: System.Runtime.InteropServices.COMException
Error status: UNKNOWN
Class name: ShellLinkReader
Calling method: retrieveDescription
Program path: C:\Users\Tateisukan\AppData\Roaming\Microsoft\Windows\Start Menu\Programs\System Tools\Control Panel.lnk
InnerException number: 1
Exception message: Unexpected HRESULT has been returned from a call to a COM component.
Exception error type: HResult -2147467259
Exception thrown in called method: Void GetDescription(Windows.Win32.Foundation.PWSTR, Int32)
Possible interpretation of the error: Error caused likely due to trying to get the description of the program
Possible resolution: Not yet known
09:34:16.0082+07:00 - ERROR -  - ------------- END Flow.Launcher.Plugin.Program exception -------------
09:34:16.0249+07:00 - ERROR -  - ------------- BEGIN Flow.Launcher.Plugin.Program exception -------------
09:34:16.0249+07:00 - ERROR -  - 
Exception full name: System.Runtime.InteropServices.COMException
Error status: UNKNOWN
Class name: ShellLinkReader
Calling method: retrieveDescription
Program path: C:\Users\Tateisukan\AppData\Roaming\Microsoft\Windows\Start Menu\Programs\System Tools\Run.lnk
InnerException number: 1
Exception message: Unexpected HRESULT has been returned from a call to a COM component.
Exception error type: HResult -2147467259
Exception thrown in called method: Void GetDescription(Windows.Win32.Foundation.PWSTR, Int32)
Possible interpretation of the error: Error caused likely due to trying to get the description of the program
Possible resolution: Not yet known
09:34:16.0249+07:00 - ERROR -  - ------------- END Flow.Launcher.Plugin.Program exception -------------
09:34:16.2453+07:00 - ERROR -  - ------------- BEGIN Flow.Launcher.Plugin.Program exception -------------
09:34:16.2453+07:00 - ERROR -  - 
Exception full name: System.Runtime.InteropServices.COMException
Error status: UNKNOWN
Class name: ShellLinkReader
Calling method: retrieveDescription
Program path: C:\ProgramData\Microsoft\Windows\Start Menu\Programs\Accessories\Windows Media Player.lnk
InnerException number: 1
Exception message: Unexpected HRESULT has been returned from a call to a COM component.
Exception error type: HResult -2147467259
Exception thrown in called method: Void GetDescription(Windows.Win32.Foundation.PWSTR, Int32)
Possible interpretation of the error: Error caused likely due to trying to get the description of the program
Possible resolution: Not yet known
09:34:16.2453+07:00 - ERROR -  - ------------- END Flow.Launcher.Plugin.Program exception -------------
10:35:01.4407+07:00 - INFO  - CommunityPluginSource.FetchAsync - Loading plugins from https://fastly.jsdelivr.net/gh/Flow-Launcher/Flow.Launcher.PluginsManifest@main/plugins.json
10:35:01.4407+07:00 - INFO  - CommunityPluginSource.FetchAsync - Loading plugins from https://gcore.jsdelivr.net/gh/Flow-Launcher/Flow.Launcher.PluginsManifest@main/plugins.json
10:35:01.4460+07:00 - INFO  - CommunityPluginSource.FetchAsync - Loading plugins from https://cdn.jsdelivr.net/gh/Flow-Launcher/Flow.Launcher.PluginsManifest@main/plugins.json
10:35:01.4460+07:00 - INFO  - CommunityPluginSource.FetchAsync - Loading plugins from https://raw.githubusercontent.com/Flow-Launcher/Flow.Launcher.PluginsManifest/main/plugins.json
10:35:01.9727+07:00 - INFO  - CommunityPluginSource.FetchAsync - Resource https://raw.githubusercontent.com/Flow-Launcher/Flow.Launcher.PluginsManifest/main/plugins.json has not been modified.
10:35:01.9727+07:00 - INFO  - CommunityPluginSource.FetchAsync - Resource https://fastly.jsdelivr.net/gh/Flow-Launcher/Flow.Launcher.PluginsManifest@main/plugins.json has not been modified.
10:35:01.9727+07:00 - WARN  - CommunityPluginSource.FetchAsync - Failed to load resource https://cdn.jsdelivr.net/gh/Flow-Launcher/Flow.Launcher.PluginsManifest@main/plugins.json with response InternalServerError
10:35:01.9727+07:00 - WARN  - CommunityPluginSource.FetchAsync - Failed to load resource https://gcore.jsdelivr.net/gh/Flow-Launcher/Flow.Launcher.PluginsManifest@main/plugins.json with response InternalServerError
16:04:15.0603+07:00 - INFO  - CommunityPluginSource.FetchAsync - Loading plugins from https://fastly.jsdelivr.net/gh/Flow-Launcher/Flow.Launcher.PluginsManifest@main/plugins.json
16:04:15.0603+07:00 - INFO  - CommunityPluginSource.FetchAsync - Loading plugins from https://gcore.jsdelivr.net/gh/Flow-Launcher/Flow.Launcher.PluginsManifest@main/plugins.json
16:04:15.0603+07:00 - INFO  - CommunityPluginSource.FetchAsync - Loading plugins from https://cdn.jsdelivr.net/gh/Flow-Launcher/Flow.Launcher.PluginsManifest@main/plugins.json
16:04:15.0603+07:00 - INFO  - CommunityPluginSource.FetchAsync - Loading plugins from https://raw.githubusercontent.com/Flow-Launcher/Flow.Launcher.PluginsManifest/main/plugins.json
16:04:15.4119+07:00 - INFO  - CommunityPluginSource.FetchAsync - Resource https://raw.githubusercontent.com/Flow-Launcher/Flow.Launcher.PluginsManifest/main/plugins.json has not been modified.
16:04:15.4119+07:00 - WARN  - CommunityPluginSource.FetchAsync - Failed to load resource https://cdn.jsdelivr.net/gh/Flow-Launcher/Flow.Launcher.PluginsManifest@main/plugins.json with response InternalServerError
16:04:15.4119+07:00 - WARN  - CommunityPluginSource.FetchAsync - Failed to load resource https://fastly.jsdelivr.net/gh/Flow-Launcher/Flow.Launcher.PluginsManifest@main/plugins.json with response InternalServerError
16:04:15.4135+07:00 - WARN  - CommunityPluginSource.FetchAsync - Failed to load resource https://gcore.jsdelivr.net/gh/Flow-Launcher/Flow.Launcher.PluginsManifest@main/plugins.json with response InternalServerError
