03:21:37.9933+07:00 - INFO  - App.OnStartup - Begin Flow Launcher startup ----------------------------------------------------
03:21:37.9933+07:00 - INFO  - App.OnStartup - Runtime info:
Flow Launcher version: 2.1.3
OS Version: 19044.7663
IntPtr Length: 8
x64: True
03:21:38.4564+07:00 - INFO  - CommunityPluginSource.FetchAsync - Loading plugins from https://fastly.jsdelivr.net/gh/Flow-Launcher/Flow.Launcher.PluginsManifest@main/plugins.json
03:21:38.5045+07:00 - INFO  - CommunityPluginSource.FetchAsync - Loading plugins from https://gcore.jsdelivr.net/gh/Flow-Launcher/Flow.Launcher.PluginsManifest@main/plugins.json
03:21:38.5045+07:00 - INFO  - CommunityPluginSource.FetchAsync - Loading plugins from https://cdn.jsdelivr.net/gh/Flow-Launcher/Flow.Launcher.PluginsManifest@main/plugins.json
03:21:38.5045+07:00 - INFO  - CommunityPluginSource.FetchAsync - Loading plugins from https://raw.githubusercontent.com/Flow-Launcher/Flow.Launcher.PluginsManifest/main/plugins.json
03:21:38.7997+07:00 - INFO  - CommunityPluginSource.FetchAsync - Loaded 354 plugins from https://gcore.jsdelivr.net/gh/Flow-Launcher/Flow.Launcher.PluginsManifest@main/plugins.json
03:21:40.8435+07:00 - INFO  - App.OnStartup - End Flow Launcher startup ------------------------------------------------------
03:21:40.8435+07:00 - INFO  - App.OnStartup - Begin plugin initialization ----------------------------------------------------
03:21:41.1946+07:00 - INFO  - ImageLoader.InitializeAsync - Preload images cost <2606ms>
03:21:41.2000+07:00 - INFO  - ImageLoader.InitializeAsync - Number of preload images is <116>, Images Number: 116, Unique Items 78
03:21:44.1643+07:00 - INFO  - App.OnStartup - Startup cost <6755ms>
03:21:44.1712+07:00 - INFO  - PluginManager.InitializePluginsAsync - Total init cost for <Plugin Indicator> is <74ms>
03:21:44.2092+07:00 - INFO  - PluginManager.InitializePluginsAsync - Total init cost for <System Commands> is <411ms>
03:21:44.2249+07:00 - INFO  - PluginManager.InitializePluginsAsync - Total init cost for <Windows Settings> is <358ms>
03:21:44.3426+07:00 - INFO  - PluginManager.InitializePluginsAsync - Total init cost for <Plugins Manager> is <618ms>
03:21:44.3426+07:00 - INFO  - PluginManager.InitializePluginsAsync - Total init cost for <URL> is <298ms>
03:21:44.3426+07:00 - INFO  - PluginManager.InitializePluginsAsync - Total init cost for <Process Killer> is <450ms>
03:21:44.3426+07:00 - INFO  - PluginManager.InitializePluginsAsync - Total init cost for <Shell> is <556ms>
03:21:44.3606+07:00 - INFO  - PluginManager.InitializePluginsAsync - Total init cost for <Web Searches> is <410ms>
03:21:44.3766+07:00 - INFO  - PluginManager.InitializePluginsAsync - Total init cost for <Browser Bookmarks> is <462ms>
03:21:44.3766+07:00 - INFO  - PluginManager.InitializePluginsAsync - Total init cost for <Calculator> is <412ms>
03:21:44.4053+07:00 - INFO  - PluginManager.InitializePluginsAsync - Total init cost for <Explorer> is <492ms>
03:21:44.4456+07:00 - INFO  - Main.InitAsync - Preload programs cost <64ms>
03:21:44.4456+07:00 - INFO  - Main.InitAsync - Number of preload win32 programs <115>
03:21:44.4456+07:00 - INFO  - Main.InitAsync - Number of preload uwps <8>
03:21:44.4854+07:00 - INFO  - PluginManager.InitializePluginsAsync - Total init cost for <Program> is <566ms>
03:21:44.8910+07:00 - INFO  - App.OnStartup - End plugin initialization ------------------------------------------------------
03:21:44.8910+07:00 - INFO  - App.OnStartup - Startup cost <4047ms>
03:22:07.0851+07:00 - ERROR - EverythingSearchManager.ClickToInstallEverythingAsync - Failed to install Everything
EXCEPTION OCCURS: System.ComponentModel.Win32Exception (2): An error occurred trying to start process 'MsiExec.exe \Everything.exe' with working directory 'C:\Windows\System32'. The system cannot find the file specified.
   at bool System.Diagnostics.Process.StartWithCreateProcess(ProcessStartInfo startInfo)
   at Process System.Diagnostics.Process.Start(ProcessStartInfo startInfo)
   at async ValueTask<bool> Flow.Launcher.Plugin.Explorer.Search.Everything.EverythingSearchManager.ClickToInstallEverythingAsync(ActionContext _) in C:/projects/flow-launcher/Plugins/Flow.Launcher.Plugin.Explorer/Search/Everything/EverythingSearchManager.cs:line 60

04:10:58.8932+07:00 - ERROR - EverythingSearchManager.ClickToInstallEverythingAsync - Failed to install Everything
EXCEPTION OCCURS: System.ComponentModel.Win32Exception (2): An error occurred trying to start process 'MsiExec.exe \Everything.exe' with working directory 'C:\Windows\System32'. The system cannot find the file specified.
   at bool System.Diagnostics.Process.StartWithCreateProcess(ProcessStartInfo startInfo)
   at Process System.Diagnostics.Process.Start(ProcessStartInfo startInfo)
   at async ValueTask<bool> Flow.Launcher.Plugin.Explorer.Search.Everything.EverythingSearchManager.ClickToInstallEverythingAsync(ActionContext _) in C:/projects/flow-launcher/Plugins/Flow.Launcher.Plugin.Explorer/Search/Everything/EverythingSearchManager.cs:line 60

04:25:26.7129+07:00 - ERROR - EverythingSearchManager.ClickToInstallEverythingAsync - Failed to install Everything
EXCEPTION OCCURS: System.ComponentModel.Win32Exception (2): An error occurred trying to start process 'MsiExec.exe \Everything.exe' with working directory 'C:\Windows\System32'. The system cannot find the file specified.
   at bool System.Diagnostics.Process.StartWithCreateProcess(ProcessStartInfo startInfo)
   at Process System.Diagnostics.Process.Start(ProcessStartInfo startInfo)
   at async ValueTask<bool> Flow.Launcher.Plugin.Explorer.Search.Everything.EverythingSearchManager.ClickToInstallEverythingAsync(ActionContext _) in C:/projects/flow-launcher/Plugins/Flow.Launcher.Plugin.Explorer/Search/Everything/EverythingSearchManager.cs:line 60

06:16:30.4668+07:00 - ERROR -  - ------------- BEGIN Flow.Launcher.Plugin.Program exception -------------
06:16:30.4668+07:00 - ERROR -  - 
Exception full name: System.Runtime.InteropServices.COMException
Error status: UNKNOWN
Class name: ShellLinkReader
Calling method: retrieveDescription
Program path: C:\Users\Tateisukan\AppData\Roaming\Microsoft\Windows\Start Menu\Programs\System Tools\computer.lnk
InnerException number: 1
Exception message: Unexpected HRESULT has been returned from a call to a COM component.
Exception error type: HResult -2147467259
Exception thrown in called method: Void GetDescription(Windows.Win32.Foundation.PWSTR, Int32)
Possible interpretation of the error: Error caused likely due to trying to get the description of the program
Possible resolution: Not yet known
06:16:30.4668+07:00 - ERROR -  - ------------- END Flow.Launcher.Plugin.Program exception -------------
06:16:30.4668+07:00 - ERROR -  - ------------- BEGIN Flow.Launcher.Plugin.Program exception -------------
06:16:30.4668+07:00 - ERROR -  - 
Exception full name: System.Runtime.InteropServices.COMException
Error status: UNKNOWN
Class name: ShellLinkReader
Calling method: retrieveDescription
Program path: C:\Users\Tateisukan\AppData\Roaming\Microsoft\Windows\Start Menu\Programs\System Tools\Control Panel.lnk
InnerException number: 1
Exception message: Unexpected HRESULT has been returned from a call to a COM component.
Exception error type: HResult -2147467259
Exception thrown in called method: Void GetDescription(Windows.Win32.Foundation.PWSTR, Int32)
Possible interpretation of the error: Error caused likely due to trying to get the description of the program
Possible resolution: Not yet known
06:16:30.4668+07:00 - ERROR -  - ------------- END Flow.Launcher.Plugin.Program exception -------------
06:16:30.5016+07:00 - ERROR -  - ------------- BEGIN Flow.Launcher.Plugin.Program exception -------------
06:16:30.5016+07:00 - ERROR -  - 
Exception full name: System.Runtime.InteropServices.COMException
Error status: UNKNOWN
Class name: ShellLinkReader
Calling method: retrieveDescription
Program path: C:\Users\Tateisukan\AppData\Roaming\Microsoft\Windows\Start Menu\Programs\System Tools\Run.lnk
InnerException number: 1
Exception message: Unexpected HRESULT has been returned from a call to a COM component.
Exception error type: HResult -2147467259
Exception thrown in called method: Void GetDescription(Windows.Win32.Foundation.PWSTR, Int32)
Possible interpretation of the error: Error caused likely due to trying to get the description of the program
Possible resolution: Not yet known
06:16:30.5016+07:00 - ERROR -  - ------------- END Flow.Launcher.Plugin.Program exception -------------
06:16:31.7158+07:00 - ERROR -  - ------------- BEGIN Flow.Launcher.Plugin.Program exception -------------
06:16:31.7158+07:00 - ERROR -  - 
Exception full name: System.Runtime.InteropServices.COMException
Error status: UNKNOWN
Class name: ShellLinkReader
Calling method: retrieveDescription
Program path: C:\ProgramData\Microsoft\Windows\Start Menu\Programs\Accessories\Windows Media Player.lnk
InnerException number: 1
Exception message: Unexpected HRESULT has been returned from a call to a COM component.
Exception error type: HResult -2147467259
Exception thrown in called method: Void GetDescription(Windows.Win32.Foundation.PWSTR, Int32)
Possible interpretation of the error: Error caused likely due to trying to get the description of the program
Possible resolution: Not yet known
06:16:31.7158+07:00 - ERROR -  - ------------- END Flow.Launcher.Plugin.Program exception -------------
06:41:18.3712+07:00 - INFO  - Main.IndexProgramsAsync - UWPProgram index cost <287ms>
06:41:18.6218+07:00 - ERROR -  - ------------- BEGIN Flow.Launcher.Plugin.Program exception -------------
06:41:18.6218+07:00 - ERROR -  - 
Exception full name: System.Runtime.InteropServices.COMException
Error status: UNKNOWN
Class name: ShellLinkReader
Calling method: retrieveDescription
Program path: C:\Users\Tateisukan\AppData\Roaming\Microsoft\Windows\Start Menu\Programs\System Tools\computer.lnk
InnerException number: 1
Exception message: Unexpected HRESULT has been returned from a call to a COM component.
Exception error type: HResult -2147467259
Exception thrown in called method: Void GetDescription(Windows.Win32.Foundation.PWSTR, Int32)
Possible interpretation of the error: Error caused likely due to trying to get the description of the program
Possible resolution: Not yet known
06:41:18.6218+07:00 - ERROR -  - ------------- END Flow.Launcher.Plugin.Program exception -------------
06:41:18.6218+07:00 - ERROR -  - ------------- BEGIN Flow.Launcher.Plugin.Program exception -------------
06:41:18.6218+07:00 - ERROR -  - 
Exception full name: System.Runtime.InteropServices.COMException
Error status: UNKNOWN
Class name: ShellLinkReader
Calling method: retrieveDescription
Program path: C:\Users\Tateisukan\AppData\Roaming\Microsoft\Windows\Start Menu\Programs\System Tools\Control Panel.lnk
InnerException number: 1
Exception message: Unexpected HRESULT has been returned from a call to a COM component.
Exception error type: HResult -2147467259
Exception thrown in called method: Void GetDescription(Windows.Win32.Foundation.PWSTR, Int32)
Possible interpretation of the error: Error caused likely due to trying to get the description of the program
Possible resolution: Not yet known
06:41:18.6218+07:00 - ERROR -  - ------------- END Flow.Launcher.Plugin.Program exception -------------
06:41:18.6446+07:00 - ERROR -  - ------------- BEGIN Flow.Launcher.Plugin.Program exception -------------
06:41:18.6446+07:00 - ERROR -  - 
Exception full name: System.Runtime.InteropServices.COMException
Error status: UNKNOWN
Class name: ShellLinkReader
Calling method: retrieveDescription
Program path: C:\Users\Tateisukan\AppData\Roaming\Microsoft\Windows\Start Menu\Programs\System Tools\Run.lnk
InnerException number: 1
Exception message: Unexpected HRESULT has been returned from a call to a COM component.
Exception error type: HResult -2147467259
Exception thrown in called method: Void GetDescription(Windows.Win32.Foundation.PWSTR, Int32)
Possible interpretation of the error: Error caused likely due to trying to get the description of the program
Possible resolution: Not yet known
06:41:18.6446+07:00 - ERROR -  - ------------- END Flow.Launcher.Plugin.Program exception -------------
06:41:18.9871+07:00 - ERROR -  - ------------- BEGIN Flow.Launcher.Plugin.Program exception -------------
06:41:18.9871+07:00 - ERROR -  - 
Exception full name: System.Runtime.InteropServices.COMException
Error status: UNKNOWN
Class name: ShellLinkReader
Calling method: retrieveDescription
Program path: C:\ProgramData\Microsoft\Windows\Start Menu\Programs\Accessories\Windows Media Player.lnk
InnerException number: 1
Exception message: Unexpected HRESULT has been returned from a call to a COM component.
Exception error type: HResult -2147467259
Exception thrown in called method: Void GetDescription(Windows.Win32.Foundation.PWSTR, Int32)
Possible interpretation of the error: Error caused likely due to trying to get the description of the program
Possible resolution: Not yet known
06:41:18.9871+07:00 - ERROR -  - ------------- END Flow.Launcher.Plugin.Program exception -------------
06:41:19.2063+07:00 - INFO  - Main.IndexProgramsAsync - Win32Program index cost <1124ms>
06:41:22.5444+07:00 - ERROR -  - ------------- BEGIN Flow.Launcher.Plugin.Program exception -------------
06:41:22.5444+07:00 - ERROR -  - 
Exception full name: System.Runtime.InteropServices.COMException
Error status: UNKNOWN
Class name: ShellLinkReader
Calling method: retrieveDescription
Program path: C:\Users\Tateisukan\AppData\Roaming\Microsoft\Windows\Start Menu\Programs\System Tools\computer.lnk
InnerException number: 1
Exception message: Unexpected HRESULT has been returned from a call to a COM component.
Exception error type: HResult -2147467259
Exception thrown in called method: Void GetDescription(Windows.Win32.Foundation.PWSTR, Int32)
Possible interpretation of the error: Error caused likely due to trying to get the description of the program
Possible resolution: Not yet known
06:41:22.5444+07:00 - ERROR -  - ------------- END Flow.Launcher.Plugin.Program exception -------------
06:41:22.5590+07:00 - ERROR -  - ------------- BEGIN Flow.Launcher.Plugin.Program exception -------------
06:41:22.5590+07:00 - ERROR -  - 
Exception full name: System.Runtime.InteropServices.COMException
Error status: UNKNOWN
Class name: ShellLinkReader
Calling method: retrieveDescription
Program path: C:\Users\Tateisukan\AppData\Roaming\Microsoft\Windows\Start Menu\Programs\System Tools\Control Panel.lnk
InnerException number: 1
Exception message: Unexpected HRESULT has been returned from a call to a COM component.
Exception error type: HResult -2147467259
Exception thrown in called method: Void GetDescription(Windows.Win32.Foundation.PWSTR, Int32)
Possible interpretation of the error: Error caused likely due to trying to get the description of the program
Possible resolution: Not yet known
06:41:22.5590+07:00 - ERROR -  - ------------- END Flow.Launcher.Plugin.Program exception -------------
06:41:22.5997+07:00 - ERROR -  - ------------- BEGIN Flow.Launcher.Plugin.Program exception -------------
06:41:22.5997+07:00 - ERROR -  - 
Exception full name: System.Runtime.InteropServices.COMException
Error status: UNKNOWN
Class name: ShellLinkReader
Calling method: retrieveDescription
Program path: C:\Users\Tateisukan\AppData\Roaming\Microsoft\Windows\Start Menu\Programs\System Tools\Run.lnk
InnerException number: 1
Exception message: Unexpected HRESULT has been returned from a call to a COM component.
Exception error type: HResult -2147467259
Exception thrown in called method: Void GetDescription(Windows.Win32.Foundation.PWSTR, Int32)
Possible interpretation of the error: Error caused likely due to trying to get the description of the program
Possible resolution: Not yet known
06:41:22.5997+07:00 - ERROR -  - ------------- END Flow.Launcher.Plugin.Program exception -------------
06:41:22.9380+07:00 - ERROR -  - ------------- BEGIN Flow.Launcher.Plugin.Program exception -------------
06:41:22.9380+07:00 - ERROR -  - 
Exception full name: System.Runtime.InteropServices.COMException
Error status: UNKNOWN
Class name: ShellLinkReader
Calling method: retrieveDescription
Program path: C:\ProgramData\Microsoft\Windows\Start Menu\Programs\Accessories\Windows Media Player.lnk
InnerException number: 1
Exception message: Unexpected HRESULT has been returned from a call to a COM component.
Exception error type: HResult -2147467259
Exception thrown in called method: Void GetDescription(Windows.Win32.Foundation.PWSTR, Int32)
Possible interpretation of the error: Error caused likely due to trying to get the description of the program
Possible resolution: Not yet known
06:41:22.9380+07:00 - ERROR -  - ------------- END Flow.Launcher.Plugin.Program exception -------------
06:41:30.8969+07:00 - ERROR -  - ------------- BEGIN Flow.Launcher.Plugin.Program exception -------------
06:41:30.8969+07:00 - ERROR -  - 
Exception full name: System.Runtime.InteropServices.COMException
Error status: UNKNOWN
Class name: ShellLinkReader
Calling method: retrieveDescription
Program path: C:\Users\Tateisukan\AppData\Roaming\Microsoft\Windows\Start Menu\Programs\System Tools\computer.lnk
InnerException number: 1
Exception message: Unexpected HRESULT has been returned from a call to a COM component.
Exception error type: HResult -2147467259
Exception thrown in called method: Void GetDescription(Windows.Win32.Foundation.PWSTR, Int32)
Possible interpretation of the error: Error caused likely due to trying to get the description of the program
Possible resolution: Not yet known
06:41:30.8969+07:00 - ERROR -  - ------------- END Flow.Launcher.Plugin.Program exception -------------
06:41:30.9058+07:00 - ERROR -  - ------------- BEGIN Flow.Launcher.Plugin.Program exception -------------
06:41:30.9058+07:00 - ERROR -  - 
Exception full name: System.Runtime.InteropServices.COMException
Error status: UNKNOWN
Class name: ShellLinkReader
Calling method: retrieveDescription
Program path: C:\Users\Tateisukan\AppData\Roaming\Microsoft\Windows\Start Menu\Programs\System Tools\Control Panel.lnk
InnerException number: 1
Exception message: Unexpected HRESULT has been returned from a call to a COM component.
Exception error type: HResult -2147467259
Exception thrown in called method: Void GetDescription(Windows.Win32.Foundation.PWSTR, Int32)
Possible interpretation of the error: Error caused likely due to trying to get the description of the program
Possible resolution: Not yet known
06:41:30.9058+07:00 - ERROR -  - ------------- END Flow.Launcher.Plugin.Program exception -------------
06:41:30.9234+07:00 - ERROR -  - ------------- BEGIN Flow.Launcher.Plugin.Program exception -------------
06:41:30.9234+07:00 - ERROR -  - 
Exception full name: System.Runtime.InteropServices.COMException
Error status: UNKNOWN
Class name: ShellLinkReader
Calling method: retrieveDescription
Program path: C:\Users\Tateisukan\AppData\Roaming\Microsoft\Windows\Start Menu\Programs\System Tools\Run.lnk
InnerException number: 1
Exception message: Unexpected HRESULT has been returned from a call to a COM component.
Exception error type: HResult -2147467259
Exception thrown in called method: Void GetDescription(Windows.Win32.Foundation.PWSTR, Int32)
Possible interpretation of the error: Error caused likely due to trying to get the description of the program
Possible resolution: Not yet known
06:41:30.9234+07:00 - ERROR -  - ------------- END Flow.Launcher.Plugin.Program exception -------------
06:41:31.1893+07:00 - ERROR -  - ------------- BEGIN Flow.Launcher.Plugin.Program exception -------------
06:41:31.1893+07:00 - ERROR -  - 
Exception full name: System.Runtime.InteropServices.COMException
Error status: UNKNOWN
Class name: ShellLinkReader
Calling method: retrieveDescription
Program path: C:\ProgramData\Microsoft\Windows\Start Menu\Programs\Accessories\Windows Media Player.lnk
InnerException number: 1
Exception message: Unexpected HRESULT has been returned from a call to a COM component.
Exception error type: HResult -2147467259
Exception thrown in called method: Void GetDescription(Windows.Win32.Foundation.PWSTR, Int32)
Possible interpretation of the error: Error caused likely due to trying to get the description of the program
Possible resolution: Not yet known
06:41:31.1893+07:00 - ERROR -  - ------------- END Flow.Launcher.Plugin.Program exception -------------
06:42:29.5226+07:00 - ERROR -  - ------------- BEGIN Flow.Launcher.Plugin.Program exception -------------
06:42:29.5226+07:00 - ERROR -  - 
Exception full name: System.Runtime.InteropServices.COMException
Error status: UNKNOWN
Class name: ShellLinkReader
Calling method: retrieveDescription
Program path: C:\Users\Tateisukan\AppData\Roaming\Microsoft\Windows\Start Menu\Programs\System Tools\computer.lnk
InnerException number: 1
Exception message: Unexpected HRESULT has been returned from a call to a COM component.
Exception error type: HResult -2147467259
Exception thrown in called method: Void GetDescription(Windows.Win32.Foundation.PWSTR, Int32)
Possible interpretation of the error: Error caused likely due to trying to get the description of the program
Possible resolution: Not yet known
06:42:29.5226+07:00 - ERROR -  - ------------- END Flow.Launcher.Plugin.Program exception -------------
06:42:29.5352+07:00 - ERROR -  - ------------- BEGIN Flow.Launcher.Plugin.Program exception -------------
06:42:29.5352+07:00 - ERROR -  - 
Exception full name: System.Runtime.InteropServices.COMException
Error status: UNKNOWN
Class name: ShellLinkReader
Calling method: retrieveDescription
Program path: C:\Users\Tateisukan\AppData\Roaming\Microsoft\Windows\Start Menu\Programs\System Tools\Control Panel.lnk
InnerException number: 1
Exception message: Unexpected HRESULT has been returned from a call to a COM component.
Exception error type: HResult -2147467259
Exception thrown in called method: Void GetDescription(Windows.Win32.Foundation.PWSTR, Int32)
Possible interpretation of the error: Error caused likely due to trying to get the description of the program
Possible resolution: Not yet known
06:42:29.5352+07:00 - ERROR -  - ------------- END Flow.Launcher.Plugin.Program exception -------------
06:42:29.5680+07:00 - ERROR -  - ------------- BEGIN Flow.Launcher.Plugin.Program exception -------------
06:42:29.5680+07:00 - ERROR -  - 
Exception full name: System.Runtime.InteropServices.COMException
Error status: UNKNOWN
Class name: ShellLinkReader
Calling method: retrieveDescription
Program path: C:\Users\Tateisukan\AppData\Roaming\Microsoft\Windows\Start Menu\Programs\System Tools\Run.lnk
InnerException number: 1
Exception message: Unexpected HRESULT has been returned from a call to a COM component.
Exception error type: HResult -2147467259
Exception thrown in called method: Void GetDescription(Windows.Win32.Foundation.PWSTR, Int32)
Possible interpretation of the error: Error caused likely due to trying to get the description of the program
Possible resolution: Not yet known
06:42:29.5680+07:00 - ERROR -  - ------------- END Flow.Launcher.Plugin.Program exception -------------
06:42:29.8485+07:00 - ERROR -  - ------------- BEGIN Flow.Launcher.Plugin.Program exception -------------
06:42:29.8485+07:00 - ERROR -  - 
Exception full name: System.Runtime.InteropServices.COMException
Error status: UNKNOWN
Class name: ShellLinkReader
Calling method: retrieveDescription
Program path: C:\ProgramData\Microsoft\Windows\Start Menu\Programs\Accessories\Windows Media Player.lnk
InnerException number: 1
Exception message: Unexpected HRESULT has been returned from a call to a COM component.
Exception error type: HResult -2147467259
Exception thrown in called method: Void GetDescription(Windows.Win32.Foundation.PWSTR, Int32)
Possible interpretation of the error: Error caused likely due to trying to get the description of the program
Possible resolution: Not yet known
06:42:29.8485+07:00 - ERROR -  - ------------- END Flow.Launcher.Plugin.Program exception -------------
06:42:48.3352+07:00 - INFO  - Main.IndexProgramsAsync - UWPProgram index cost <433ms>
06:42:48.4441+07:00 - ERROR -  - ------------- BEGIN Flow.Launcher.Plugin.Program exception -------------
06:42:48.4441+07:00 - ERROR -  - 
Exception full name: System.Runtime.InteropServices.COMException
Error status: UNKNOWN
Class name: ShellLinkReader
Calling method: retrieveDescription
Program path: C:\Users\Tateisukan\AppData\Roaming\Microsoft\Windows\Start Menu\Programs\System Tools\computer.lnk
InnerException number: 1
Exception message: Unexpected HRESULT has been returned from a call to a COM component.
Exception error type: HResult -2147467259
Exception thrown in called method: Void GetDescription(Windows.Win32.Foundation.PWSTR, Int32)
Possible interpretation of the error: Error caused likely due to trying to get the description of the program
Possible resolution: Not yet known
06:42:48.4441+07:00 - ERROR -  - ------------- END Flow.Launcher.Plugin.Program exception -------------
06:42:48.4576+07:00 - ERROR -  - ------------- BEGIN Flow.Launcher.Plugin.Program exception -------------
06:42:48.4576+07:00 - ERROR -  - 
Exception full name: System.Runtime.InteropServices.COMException
Error status: UNKNOWN
Class name: ShellLinkReader
Calling method: retrieveDescription
Program path: C:\Users\Tateisukan\AppData\Roaming\Microsoft\Windows\Start Menu\Programs\System Tools\Control Panel.lnk
InnerException number: 1
Exception message: Unexpected HRESULT has been returned from a call to a COM component.
Exception error type: HResult -2147467259
Exception thrown in called method: Void GetDescription(Windows.Win32.Foundation.PWSTR, Int32)
Possible interpretation of the error: Error caused likely due to trying to get the description of the program
Possible resolution: Not yet known
06:42:48.4576+07:00 - ERROR -  - ------------- END Flow.Launcher.Plugin.Program exception -------------
06:42:48.4802+07:00 - ERROR -  - ------------- BEGIN Flow.Launcher.Plugin.Program exception -------------
06:42:48.4802+07:00 - ERROR -  - 
Exception full name: System.Runtime.InteropServices.COMException
Error status: UNKNOWN
Class name: ShellLinkReader
Calling method: retrieveDescription
Program path: C:\Users\Tateisukan\AppData\Roaming\Microsoft\Windows\Start Menu\Programs\System Tools\Run.lnk
InnerException number: 1
Exception message: Unexpected HRESULT has been returned from a call to a COM component.
Exception error type: HResult -2147467259
Exception thrown in called method: Void GetDescription(Windows.Win32.Foundation.PWSTR, Int32)
Possible interpretation of the error: Error caused likely due to trying to get the description of the program
Possible resolution: Not yet known
06:42:48.4802+07:00 - ERROR -  - ------------- END Flow.Launcher.Plugin.Program exception -------------
06:42:48.8009+07:00 - ERROR -  - ------------- BEGIN Flow.Launcher.Plugin.Program exception -------------
06:42:48.8009+07:00 - ERROR -  - 
Exception full name: System.Runtime.InteropServices.COMException
Error status: UNKNOWN
Class name: ShellLinkReader
Calling method: retrieveDescription
Program path: C:\ProgramData\Microsoft\Windows\Start Menu\Programs\Accessories\Windows Media Player.lnk
InnerException number: 1
Exception message: Unexpected HRESULT has been returned from a call to a COM component.
Exception error type: HResult -2147467259
Exception thrown in called method: Void GetDescription(Windows.Win32.Foundation.PWSTR, Int32)
Possible interpretation of the error: Error caused likely due to trying to get the description of the program
Possible resolution: Not yet known
06:42:48.8009+07:00 - ERROR -  - ------------- END Flow.Launcher.Plugin.Program exception -------------
06:42:49.1158+07:00 - INFO  - Main.IndexProgramsAsync - Win32Program index cost <1214ms>
21:00:31.4861+07:00 - ERROR -  - ------------- BEGIN Flow.Launcher.Plugin.Program exception -------------
21:00:31.4861+07:00 - ERROR -  - 
Exception full name: System.Runtime.InteropServices.COMException
Error status: UNKNOWN
Class name: ShellLinkReader
Calling method: retrieveDescription
Program path: C:\Users\Tateisukan\AppData\Roaming\Microsoft\Windows\Start Menu\Programs\System Tools\computer.lnk
InnerException number: 1
Exception message: Unexpected HRESULT has been returned from a call to a COM component.
Exception error type: HResult -2147467259
Exception thrown in called method: Void GetDescription(Windows.Win32.Foundation.PWSTR, Int32)
Possible interpretation of the error: Error caused likely due to trying to get the description of the program
Possible resolution: Not yet known
21:00:31.4861+07:00 - ERROR -  - ------------- END Flow.Launcher.Plugin.Program exception -------------
21:00:31.4922+07:00 - ERROR -  - ------------- BEGIN Flow.Launcher.Plugin.Program exception -------------
21:00:31.4922+07:00 - ERROR -  - 
Exception full name: System.Runtime.InteropServices.COMException
Error status: UNKNOWN
Class name: ShellLinkReader
Calling method: retrieveDescription
Program path: C:\Users\Tateisukan\AppData\Roaming\Microsoft\Windows\Start Menu\Programs\System Tools\Control Panel.lnk
InnerException number: 1
Exception message: Unexpected HRESULT has been returned from a call to a COM component.
Exception error type: HResult -2147467259
Exception thrown in called method: Void GetDescription(Windows.Win32.Foundation.PWSTR, Int32)
Possible interpretation of the error: Error caused likely due to trying to get the description of the program
Possible resolution: Not yet known
21:00:31.4922+07:00 - ERROR -  - ------------- END Flow.Launcher.Plugin.Program exception -------------
21:00:31.5041+07:00 - ERROR -  - ------------- BEGIN Flow.Launcher.Plugin.Program exception -------------
21:00:31.5041+07:00 - ERROR -  - 
Exception full name: System.Runtime.InteropServices.COMException
Error status: UNKNOWN
Class name: ShellLinkReader
Calling method: retrieveDescription
Program path: C:\Users\Tateisukan\AppData\Roaming\Microsoft\Windows\Start Menu\Programs\System Tools\Run.lnk
InnerException number: 1
Exception message: Unexpected HRESULT has been returned from a call to a COM component.
Exception error type: HResult -2147467259
Exception thrown in called method: Void GetDescription(Windows.Win32.Foundation.PWSTR, Int32)
Possible interpretation of the error: Error caused likely due to trying to get the description of the program
Possible resolution: Not yet known
21:00:31.5041+07:00 - ERROR -  - ------------- END Flow.Launcher.Plugin.Program exception -------------
21:00:32.8175+07:00 - ERROR -  - ------------- BEGIN Flow.Launcher.Plugin.Program exception -------------
21:00:32.8175+07:00 - ERROR -  - 
Exception full name: System.Runtime.InteropServices.COMException
Error status: UNKNOWN
Class name: ShellLinkReader
Calling method: retrieveDescription
Program path: C:\ProgramData\Microsoft\Windows\Start Menu\Programs\Accessories\Windows Media Player.lnk
InnerException number: 1
Exception message: Unexpected HRESULT has been returned from a call to a COM component.
Exception error type: HResult -2147467259
Exception thrown in called method: Void GetDescription(Windows.Win32.Foundation.PWSTR, Int32)
Possible interpretation of the error: Error caused likely due to trying to get the description of the program
Possible resolution: Not yet known
21:00:32.8175+07:00 - ERROR -  - ------------- END Flow.Launcher.Plugin.Program exception -------------
21:37:04.3725+07:00 - INFO  - App.RegisterExitEvents - Session Ending
21:38:24.9215+07:00 - INFO  - App.OnStartup - Begin Flow Launcher startup ----------------------------------------------------
21:38:24.9215+07:00 - INFO  - App.OnStartup - Runtime info:
Flow Launcher version: 2.1.3
OS Version: 19044.7663
IntPtr Length: 8
x64: True
21:38:25.2744+07:00 - INFO  - CommunityPluginSource.FetchAsync - Loading plugins from https://fastly.jsdelivr.net/gh/Flow-Launcher/Flow.Launcher.PluginsManifest@main/plugins.json
21:38:25.3075+07:00 - INFO  - CommunityPluginSource.FetchAsync - Loading plugins from https://gcore.jsdelivr.net/gh/Flow-Launcher/Flow.Launcher.PluginsManifest@main/plugins.json
21:38:25.3075+07:00 - INFO  - CommunityPluginSource.FetchAsync - Loading plugins from https://cdn.jsdelivr.net/gh/Flow-Launcher/Flow.Launcher.PluginsManifest@main/plugins.json
21:38:25.3075+07:00 - INFO  - CommunityPluginSource.FetchAsync - Loading plugins from https://raw.githubusercontent.com/Flow-Launcher/Flow.Launcher.PluginsManifest/main/plugins.json
21:38:26.4213+07:00 - INFO  - CommunityPluginSource.FetchAsync - Loaded 354 plugins from https://gcore.jsdelivr.net/gh/Flow-Launcher/Flow.Launcher.PluginsManifest@main/plugins.json
21:38:28.0976+07:00 - INFO  - App.OnStartup - End Flow Launcher startup ------------------------------------------------------
21:38:28.0976+07:00 - INFO  - App.OnStartup - Begin plugin initialization ----------------------------------------------------
21:38:30.0805+07:00 - INFO  - ImageLoader.InitializeAsync - Preload images cost <4721ms>
21:38:30.0805+07:00 - INFO  - ImageLoader.InitializeAsync - Number of preload images is <150>, Images Number: 150, Unique Items 87
21:38:30.0805+07:00 - INFO  - App.OnStartup - Startup cost <5646ms>
21:38:30.0805+07:00 - INFO  - PluginManager.InitializePluginsAsync - Total init cost for <Plugin Indicator> is <49ms>
21:38:30.1069+07:00 - INFO  - PluginManager.InitializePluginsAsync - Total init cost for <Process Killer> is <111ms>
21:38:30.1069+07:00 - INFO  - PluginManager.InitializePluginsAsync - Total init cost for <Plugins Manager> is <211ms>
21:38:30.1069+07:00 - INFO  - PluginManager.InitializePluginsAsync - Total init cost for <URL> is <93ms>
21:38:30.1069+07:00 - INFO  - PluginManager.InitializePluginsAsync - Total init cost for <System Commands> is <200ms>
21:38:30.1240+07:00 - INFO  - PluginManager.InitializePluginsAsync - Total init cost for <Windows Settings> is <179ms>
21:38:30.2481+07:00 - INFO  - PluginManager.InitializePluginsAsync - Total init cost for <Shell> is <335ms>
21:38:30.2651+07:00 - INFO  - PluginManager.InitializePluginsAsync - Total init cost for <Web Searches> is <317ms>
21:38:30.2651+07:00 - INFO  - PluginManager.InitializePluginsAsync - Total init cost for <Browser Bookmarks> is <393ms>
21:38:30.2651+07:00 - INFO  - PluginManager.InitializePluginsAsync - Total init cost for <Calculator> is <327ms>
21:38:30.2651+07:00 - INFO  - PluginManager.InitializePluginsAsync - Total init cost for <Explorer> is <478ms>
21:38:30.3139+07:00 - INFO  - Main.InitAsync - Preload programs cost <48ms>
21:38:30.3139+07:00 - INFO  - Main.InitAsync - Number of preload win32 programs <118>
21:38:30.3139+07:00 - INFO  - Main.InitAsync - Number of preload uwps <8>
21:38:30.3501+07:00 - INFO  - PluginManager.InitializePluginsAsync - Total init cost for <Program> is <381ms>
21:38:30.5567+07:00 - INFO  - App.OnStartup - End plugin initialization ------------------------------------------------------
21:38:30.5567+07:00 - INFO  - App.OnStartup - Startup cost <2459ms>
21:40:35.1475+07:00 - ERROR - EverythingSearchManager.ClickToInstallEverythingAsync - Failed to install Everything
EXCEPTION OCCURS: System.ComponentModel.Win32Exception (2): An error occurred trying to start process 'MsiExec.exe \Everything.exe' with working directory 'C:\Windows\system32'. The system cannot find the file specified.
   at bool System.Diagnostics.Process.StartWithCreateProcess(ProcessStartInfo startInfo)
   at Process System.Diagnostics.Process.Start(ProcessStartInfo startInfo)
   at async ValueTask<bool> Flow.Launcher.Plugin.Explorer.Search.Everything.EverythingSearchManager.ClickToInstallEverythingAsync(ActionContext _) in C:/projects/flow-launcher/Plugins/Flow.Launcher.Plugin.Explorer/Search/Everything/EverythingSearchManager.cs:line 60

21:43:03.7610+07:00 - ERROR -  - ------------- BEGIN Flow.Launcher.Plugin.Program exception -------------
21:43:03.7610+07:00 - ERROR -  - 
Exception full name: System.Runtime.InteropServices.COMException
Error status: UNKNOWN
Class name: ShellLinkReader
Calling method: retrieveDescription
Program path: C:\Users\Tateisukan\AppData\Roaming\Microsoft\Windows\Start Menu\Programs\System Tools\computer.lnk
InnerException number: 1
Exception message: Unexpected HRESULT has been returned from a call to a COM component.
Exception error type: HResult -2147467259
Exception thrown in called method: Void GetDescription(Windows.Win32.Foundation.PWSTR, Int32)
Possible interpretation of the error: Error caused likely due to trying to get the description of the program
Possible resolution: Not yet known
21:43:03.7610+07:00 - ERROR -  - ------------- END Flow.Launcher.Plugin.Program exception -------------
21:43:03.7683+07:00 - ERROR -  - ------------- BEGIN Flow.Launcher.Plugin.Program exception -------------
21:43:03.7683+07:00 - ERROR -  - 
Exception full name: System.Runtime.InteropServices.COMException
Error status: UNKNOWN
Class name: ShellLinkReader
Calling method: retrieveDescription
Program path: C:\Users\Tateisukan\AppData\Roaming\Microsoft\Windows\Start Menu\Programs\System Tools\Control Panel.lnk
InnerException number: 1
Exception message: Unexpected HRESULT has been returned from a call to a COM component.
Exception error type: HResult -2147467259
Exception thrown in called method: Void GetDescription(Windows.Win32.Foundation.PWSTR, Int32)
Possible interpretation of the error: Error caused likely due to trying to get the description of the program
Possible resolution: Not yet known
21:43:03.7683+07:00 - ERROR -  - ------------- END Flow.Launcher.Plugin.Program exception -------------
21:43:03.7803+07:00 - ERROR -  - ------------- BEGIN Flow.Launcher.Plugin.Program exception -------------
21:43:03.7803+07:00 - ERROR -  - 
Exception full name: System.Runtime.InteropServices.COMException
Error status: UNKNOWN
Class name: ShellLinkReader
Calling method: retrieveDescription
Program path: C:\Users\Tateisukan\AppData\Roaming\Microsoft\Windows\Start Menu\Programs\System Tools\Run.lnk
InnerException number: 1
Exception message: Unexpected HRESULT has been returned from a call to a COM component.
Exception error type: HResult -2147467259
Exception thrown in called method: Void GetDescription(Windows.Win32.Foundation.PWSTR, Int32)
Possible interpretation of the error: Error caused likely due to trying to get the description of the program
Possible resolution: Not yet known
21:43:03.7803+07:00 - ERROR -  - ------------- END Flow.Launcher.Plugin.Program exception -------------
21:43:04.7314+07:00 - ERROR -  - ------------- BEGIN Flow.Launcher.Plugin.Program exception -------------
21:43:04.7314+07:00 - ERROR -  - 
Exception full name: System.Runtime.InteropServices.COMException
Error status: UNKNOWN
Class name: ShellLinkReader
Calling method: retrieveDescription
Program path: C:\ProgramData\Microsoft\Windows\Start Menu\Programs\Accessories\Windows Media Player.lnk
InnerException number: 1
Exception message: Unexpected HRESULT has been returned from a call to a COM component.
Exception error type: HResult -2147467259
Exception thrown in called method: Void GetDescription(Windows.Win32.Foundation.PWSTR, Int32)
Possible interpretation of the error: Error caused likely due to trying to get the description of the program
Possible resolution: Not yet known
21:43:04.7314+07:00 - ERROR -  - ------------- END Flow.Launcher.Plugin.Program exception -------------
21:43:31.8941+07:00 - INFO  - App.RegisterExitEvents - Session Ending
21:44:45.1433+07:00 - INFO  - App.OnStartup - Begin Flow Launcher startup ----------------------------------------------------
21:44:45.1433+07:00 - INFO  - App.OnStartup - Runtime info:
Flow Launcher version: 2.1.3
OS Version: 19044.7663
IntPtr Length: 8
x64: True
21:44:45.6243+07:00 - INFO  - CommunityPluginSource.FetchAsync - Loading plugins from https://fastly.jsdelivr.net/gh/Flow-Launcher/Flow.Launcher.PluginsManifest@main/plugins.json
21:44:45.6643+07:00 - INFO  - CommunityPluginSource.FetchAsync - Loading plugins from https://gcore.jsdelivr.net/gh/Flow-Launcher/Flow.Launcher.PluginsManifest@main/plugins.json
21:44:45.6643+07:00 - INFO  - CommunityPluginSource.FetchAsync - Loading plugins from https://cdn.jsdelivr.net/gh/Flow-Launcher/Flow.Launcher.PluginsManifest@main/plugins.json
21:44:45.6643+07:00 - INFO  - CommunityPluginSource.FetchAsync - Loading plugins from https://raw.githubusercontent.com/Flow-Launcher/Flow.Launcher.PluginsManifest/main/plugins.json
21:44:46.7332+07:00 - INFO  - CommunityPluginSource.FetchAsync - Loaded 354 plugins from https://fastly.jsdelivr.net/gh/Flow-Launcher/Flow.Launcher.PluginsManifest@main/plugins.json
21:44:48.6836+07:00 - INFO  - App.OnStartup - End Flow Launcher startup ------------------------------------------------------
21:44:48.6836+07:00 - INFO  - App.OnStartup - Begin plugin initialization ----------------------------------------------------
21:44:50.5353+07:00 - INFO  - ImageLoader.InitializeAsync - Preload images cost <4818ms>
21:44:50.5353+07:00 - INFO  - ImageLoader.InitializeAsync - Number of preload images is <150>, Images Number: 150, Unique Items 90
21:44:50.5797+07:00 - INFO  - App.OnStartup - Startup cost <5913ms>
21:44:50.5797+07:00 - INFO  - PluginManager.InitializePluginsAsync - Total init cost for <Plugin Indicator> is <53ms>
21:44:50.6045+07:00 - INFO  - PluginManager.InitializePluginsAsync - Total init cost for <Plugins Manager> is <243ms>
21:44:50.6089+07:00 - INFO  - PluginManager.InitializePluginsAsync - Total init cost for <URL> is <102ms>
21:44:50.6089+07:00 - INFO  - PluginManager.InitializePluginsAsync - Total init cost for <System Commands> is <205ms>
21:44:50.6089+07:00 - INFO  - PluginManager.InitializePluginsAsync - Total init cost for <Process Killer> is <108ms>
21:44:50.6230+07:00 - INFO  - PluginManager.InitializePluginsAsync - Total init cost for <Windows Settings> is <190ms>
21:44:50.7340+07:00 - INFO  - PluginManager.InitializePluginsAsync - Total init cost for <Shell> is <309ms>
21:44:50.7805+07:00 - INFO  - PluginManager.InitializePluginsAsync - Total init cost for <Web Searches> is <345ms>
21:44:50.7805+07:00 - INFO  - PluginManager.InitializePluginsAsync - Total init cost for <Browser Bookmarks> is <455ms>
21:44:50.7805+07:00 - INFO  - PluginManager.InitializePluginsAsync - Total init cost for <Calculator> is <337ms>
21:44:50.7968+07:00 - INFO  - PluginManager.InitializePluginsAsync - Total init cost for <Explorer> is <402ms>
21:44:50.8373+07:00 - INFO  - Main.InitAsync - Preload programs cost <53ms>
21:44:50.8373+07:00 - INFO  - Main.InitAsync - Number of preload win32 programs <119>
21:44:50.8373+07:00 - INFO  - Main.InitAsync - Number of preload uwps <8>
21:44:50.8709+07:00 - INFO  - PluginManager.InitializePluginsAsync - Total init cost for <Program> is <376ms>
21:44:51.1943+07:00 - INFO  - App.OnStartup - End plugin initialization ------------------------------------------------------
21:44:51.1984+07:00 - INFO  - App.OnStartup - Startup cost <2514ms>
21:54:24.9261+07:00 - INFO  - App.RegisterExitEvents - Session Ending
21:55:43.2718+07:00 - INFO  - App.OnStartup - Begin Flow Launcher startup ----------------------------------------------------
21:55:43.2718+07:00 - INFO  - App.OnStartup - Runtime info:
Flow Launcher version: 2.1.3
OS Version: 19044.7663
IntPtr Length: 8
x64: True
21:55:43.6212+07:00 - INFO  - CommunityPluginSource.FetchAsync - Loading plugins from https://fastly.jsdelivr.net/gh/Flow-Launcher/Flow.Launcher.PluginsManifest@main/plugins.json
21:55:43.6536+07:00 - INFO  - CommunityPluginSource.FetchAsync - Loading plugins from https://gcore.jsdelivr.net/gh/Flow-Launcher/Flow.Launcher.PluginsManifest@main/plugins.json
21:55:43.6541+07:00 - INFO  - CommunityPluginSource.FetchAsync - Loading plugins from https://cdn.jsdelivr.net/gh/Flow-Launcher/Flow.Launcher.PluginsManifest@main/plugins.json
21:55:43.6541+07:00 - INFO  - CommunityPluginSource.FetchAsync - Loading plugins from https://raw.githubusercontent.com/Flow-Launcher/Flow.Launcher.PluginsManifest/main/plugins.json
21:55:44.7177+07:00 - INFO  - CommunityPluginSource.FetchAsync - Loaded 354 plugins from https://cdn.jsdelivr.net/gh/Flow-Launcher/Flow.Launcher.PluginsManifest@main/plugins.json
21:55:46.5547+07:00 - INFO  - App.OnStartup - End Flow Launcher startup ------------------------------------------------------
21:55:46.5547+07:00 - INFO  - App.OnStartup - Begin plugin initialization ----------------------------------------------------
21:55:48.3463+07:00 - INFO  - ImageLoader.InitializeAsync - Preload images cost <4639ms>
21:55:48.3463+07:00 - INFO  - ImageLoader.InitializeAsync - Number of preload images is <150>, Images Number: 150, Unique Items 90
21:55:48.4513+07:00 - INFO  - App.OnStartup - Startup cost <5647ms>
21:55:48.4513+07:00 - INFO  - PluginManager.InitializePluginsAsync - Total init cost for <Plugin Indicator> is <53ms>
21:55:48.4786+07:00 - INFO  - PluginManager.InitializePluginsAsync - Total init cost for <Plugins Manager> is <236ms>
21:55:48.4786+07:00 - INFO  - PluginManager.InitializePluginsAsync - Total init cost for <URL> is <101ms>
21:55:48.4786+07:00 - INFO  - PluginManager.InitializePluginsAsync - Total init cost for <Process Killer> is <105ms>
21:55:48.4786+07:00 - INFO  - PluginManager.InitializePluginsAsync - Total init cost for <System Commands> is <198ms>
21:55:48.5103+07:00 - INFO  - PluginManager.InitializePluginsAsync - Total init cost for <Windows Settings> is <204ms>
21:55:48.6164+07:00 - INFO  - PluginManager.InitializePluginsAsync - Total init cost for <Shell> is <360ms>
21:55:48.6261+07:00 - INFO  - PluginManager.InitializePluginsAsync - Total init cost for <Web Searches> is <328ms>
21:55:48.6464+07:00 - INFO  - PluginManager.InitializePluginsAsync - Total init cost for <Browser Bookmarks> is <387ms>
21:55:48.6464+07:00 - INFO  - PluginManager.InitializePluginsAsync - Total init cost for <Calculator> is <326ms>
21:55:48.6541+07:00 - INFO  - PluginManager.InitializePluginsAsync - Total init cost for <Explorer> is <432ms>
21:55:48.6946+07:00 - INFO  - Main.InitAsync - Preload programs cost <49ms>
21:55:48.6946+07:00 - INFO  - Main.InitAsync - Number of preload win32 programs <119>
21:55:48.6946+07:00 - INFO  - Main.InitAsync - Number of preload uwps <8>
21:55:48.7246+07:00 - INFO  - PluginManager.InitializePluginsAsync - Total init cost for <Program> is <371ms>
21:55:48.9927+07:00 - INFO  - App.OnStartup - End plugin initialization ------------------------------------------------------
21:55:48.9927+07:00 - INFO  - App.OnStartup - Startup cost <2438ms>
22:23:21.1349+07:00 - ERROR - EverythingSearchManager.ClickToInstallEverythingAsync - Failed to install Everything
EXCEPTION OCCURS: System.ComponentModel.Win32Exception (2): An error occurred trying to start process 'MsiExec.exe \Everything.exe' with working directory 'C:\Windows\system32'. The system cannot find the file specified.
   at bool System.Diagnostics.Process.StartWithCreateProcess(ProcessStartInfo startInfo)
   at Process System.Diagnostics.Process.Start(ProcessStartInfo startInfo)
   at async ValueTask<bool> Flow.Launcher.Plugin.Explorer.Search.Everything.EverythingSearchManager.ClickToInstallEverythingAsync(ActionContext _) in C:/projects/flow-launcher/Plugins/Flow.Launcher.Plugin.Explorer/Search/Everything/EverythingSearchManager.cs:line 60

22:24:47.9211+07:00 - ERROR -  - ------------- BEGIN Flow.Launcher.Plugin.Program exception -------------
22:24:47.9211+07:00 - ERROR -  - 
Exception full name: System.Runtime.InteropServices.COMException
Error status: UNKNOWN
Class name: ShellLinkReader
Calling method: retrieveDescription
Program path: C:\Users\Tateisukan\AppData\Roaming\Microsoft\Windows\Start Menu\Programs\System Tools\computer.lnk
InnerException number: 1
Exception message: Unexpected HRESULT has been returned from a call to a COM component.
Exception error type: HResult -2147467259
Exception thrown in called method: Void GetDescription(Windows.Win32.Foundation.PWSTR, Int32)
Possible interpretation of the error: Error caused likely due to trying to get the description of the program
Possible resolution: Not yet known
22:24:47.9211+07:00 - ERROR -  - ------------- END Flow.Launcher.Plugin.Program exception -------------
22:24:47.9211+07:00 - ERROR -  - ------------- BEGIN Flow.Launcher.Plugin.Program exception -------------
22:24:47.9211+07:00 - ERROR -  - 
Exception full name: System.Runtime.InteropServices.COMException
Error status: UNKNOWN
Class name: ShellLinkReader
Calling method: retrieveDescription
Program path: C:\Users\Tateisukan\AppData\Roaming\Microsoft\Windows\Start Menu\Programs\System Tools\Control Panel.lnk
InnerException number: 1
Exception message: Unexpected HRESULT has been returned from a call to a COM component.
Exception error type: HResult -2147467259
Exception thrown in called method: Void GetDescription(Windows.Win32.Foundation.PWSTR, Int32)
Possible interpretation of the error: Error caused likely due to trying to get the description of the program
Possible resolution: Not yet known
22:24:47.9211+07:00 - ERROR -  - ------------- END Flow.Launcher.Plugin.Program exception -------------
22:24:47.9378+07:00 - ERROR -  - ------------- BEGIN Flow.Launcher.Plugin.Program exception -------------
22:24:47.9378+07:00 - ERROR -  - 
Exception full name: System.Runtime.InteropServices.COMException
Error status: UNKNOWN
Class name: ShellLinkReader
Calling method: retrieveDescription
Program path: C:\Users\Tateisukan\AppData\Roaming\Microsoft\Windows\Start Menu\Programs\System Tools\Run.lnk
InnerException number: 1
Exception message: Unexpected HRESULT has been returned from a call to a COM component.
Exception error type: HResult -2147467259
Exception thrown in called method: Void GetDescription(Windows.Win32.Foundation.PWSTR, Int32)
Possible interpretation of the error: Error caused likely due to trying to get the description of the program
Possible resolution: Not yet known
22:24:47.9378+07:00 - ERROR -  - ------------- END Flow.Launcher.Plugin.Program exception -------------
22:24:49.2202+07:00 - ERROR -  - ------------- BEGIN Flow.Launcher.Plugin.Program exception -------------
22:24:49.2202+07:00 - ERROR -  - 
Exception full name: System.Runtime.InteropServices.COMException
Error status: UNKNOWN
Class name: ShellLinkReader
Calling method: retrieveDescription
Program path: C:\ProgramData\Microsoft\Windows\Start Menu\Programs\Accessories\Windows Media Player.lnk
InnerException number: 1
Exception message: Unexpected HRESULT has been returned from a call to a COM component.
Exception error type: HResult -2147467259
Exception thrown in called method: Void GetDescription(Windows.Win32.Foundation.PWSTR, Int32)
Possible interpretation of the error: Error caused likely due to trying to get the description of the program
Possible resolution: Not yet known
22:24:49.2202+07:00 - ERROR -  - ------------- END Flow.Launcher.Plugin.Program exception -------------
22:24:51.4548+07:00 - ERROR -  - ------------- BEGIN Flow.Launcher.Plugin.Program exception -------------
22:24:51.4548+07:00 - ERROR -  - 
Exception full name: System.Runtime.InteropServices.COMException
Error status: UNKNOWN
Class name: ShellLinkReader
Calling method: retrieveDescription
Program path: C:\Users\Tateisukan\AppData\Roaming\Microsoft\Windows\Start Menu\Programs\System Tools\computer.lnk
InnerException number: 1
Exception message: Unexpected HRESULT has been returned from a call to a COM component.
Exception error type: HResult -2147467259
Exception thrown in called method: Void GetDescription(Windows.Win32.Foundation.PWSTR, Int32)
Possible interpretation of the error: Error caused likely due to trying to get the description of the program
Possible resolution: Not yet known
22:24:51.4548+07:00 - ERROR -  - ------------- END Flow.Launcher.Plugin.Program exception -------------
22:24:51.4548+07:00 - ERROR -  - ------------- BEGIN Flow.Launcher.Plugin.Program exception -------------
22:24:51.4548+07:00 - ERROR -  - 
Exception full name: System.Runtime.InteropServices.COMException
Error status: UNKNOWN
Class name: ShellLinkReader
Calling method: retrieveDescription
Program path: C:\Users\Tateisukan\AppData\Roaming\Microsoft\Windows\Start Menu\Programs\System Tools\Control Panel.lnk
InnerException number: 1
Exception message: Unexpected HRESULT has been returned from a call to a COM component.
Exception error type: HResult -2147467259
Exception thrown in called method: Void GetDescription(Windows.Win32.Foundation.PWSTR, Int32)
Possible interpretation of the error: Error caused likely due to trying to get the description of the program
Possible resolution: Not yet known
22:24:51.4548+07:00 - ERROR -  - ------------- END Flow.Launcher.Plugin.Program exception -------------
22:24:51.4706+07:00 - ERROR -  - ------------- BEGIN Flow.Launcher.Plugin.Program exception -------------
22:24:51.4706+07:00 - ERROR -  - 
Exception full name: System.Runtime.InteropServices.COMException
Error status: UNKNOWN
Class name: ShellLinkReader
Calling method: retrieveDescription
Program path: C:\Users\Tateisukan\AppData\Roaming\Microsoft\Windows\Start Menu\Programs\System Tools\Run.lnk
InnerException number: 1
Exception message: Unexpected HRESULT has been returned from a call to a COM component.
Exception error type: HResult -2147467259
Exception thrown in called method: Void GetDescription(Windows.Win32.Foundation.PWSTR, Int32)
Possible interpretation of the error: Error caused likely due to trying to get the description of the program
Possible resolution: Not yet known
22:24:51.4706+07:00 - ERROR -  - ------------- END Flow.Launcher.Plugin.Program exception -------------
22:24:51.6013+07:00 - ERROR -  - ------------- BEGIN Flow.Launcher.Plugin.Program exception -------------
22:24:51.6013+07:00 - ERROR -  - 
Exception full name: System.Runtime.InteropServices.COMException
Error status: UNKNOWN
Class name: ShellLinkReader
Calling method: retrieveDescription
Program path: C:\ProgramData\Microsoft\Windows\Start Menu\Programs\Accessories\Windows Media Player.lnk
InnerException number: 1
Exception message: Unexpected HRESULT has been returned from a call to a COM component.
Exception error type: HResult -2147467259
Exception thrown in called method: Void GetDescription(Windows.Win32.Foundation.PWSTR, Int32)
Possible interpretation of the error: Error caused likely due to trying to get the description of the program
Possible resolution: Not yet known
22:24:51.6013+07:00 - ERROR -  - ------------- END Flow.Launcher.Plugin.Program exception -------------
22:53:17.6996+07:00 - ERROR - EverythingSearchManager.ClickToInstallEverythingAsync - Failed to install Everything
EXCEPTION OCCURS: System.ComponentModel.Win32Exception (2): An error occurred trying to start process 'MsiExec.exe \Everything.exe' with working directory 'C:\Windows\system32'. The system cannot find the file specified.
   at bool System.Diagnostics.Process.StartWithCreateProcess(ProcessStartInfo startInfo)
   at Process System.Diagnostics.Process.Start(ProcessStartInfo startInfo)
   at async ValueTask<bool> Flow.Launcher.Plugin.Explorer.Search.Everything.EverythingSearchManager.ClickToInstallEverythingAsync(ActionContext _) in C:/projects/flow-launcher/Plugins/Flow.Launcher.Plugin.Explorer/Search/Everything/EverythingSearchManager.cs:line 60

