00:48:11.0607+07:00 - INFO  - CommunityPluginSource.FetchAsync - Loading plugins from https://fastly.jsdelivr.net/gh/Flow-Launcher/Flow.Launcher.PluginsManifest@main/plugins.json
00:48:11.0607+07:00 - INFO  - CommunityPluginSource.FetchAsync - Loading plugins from https://gcore.jsdelivr.net/gh/Flow-Launcher/Flow.Launcher.PluginsManifest@main/plugins.json
00:48:11.0607+07:00 - INFO  - CommunityPluginSource.FetchAsync - Loading plugins from https://cdn.jsdelivr.net/gh/Flow-Launcher/Flow.Launcher.PluginsManifest@main/plugins.json
00:48:11.0607+07:00 - INFO  - CommunityPluginSource.FetchAsync - Loading plugins from https://raw.githubusercontent.com/Flow-Launcher/Flow.Launcher.PluginsManifest/main/plugins.json
00:48:11.7882+07:00 - INFO  - CommunityPluginSource.FetchAsync - Resource https://raw.githubusercontent.com/Flow-Launcher/Flow.Launcher.PluginsManifest/main/plugins.json has not been modified.
00:48:11.7950+07:00 - WARN  - CommunityPluginSource.FetchAsync - Failed to load resource https://gcore.jsdelivr.net/gh/Flow-Launcher/Flow.Launcher.PluginsManifest@main/plugins.json with response InternalServerError
16:50:47.5692+07:00 - INFO  - App.RegisterExitEvents - Session Ending
17:21:27.5209+07:00 - INFO  - App.OnStartup - Begin Flow Launcher startup ----------------------------------------------------
17:21:27.5209+07:00 - INFO  - App.OnStartup - Runtime info:
Flow Launcher version: 2.1.3
OS Version: 19044.7663
IntPtr Length: 8
x64: True
17:21:27.9940+07:00 - INFO  - CommunityPluginSource.FetchAsync - Loading plugins from https://fastly.jsdelivr.net/gh/Flow-Launcher/Flow.Launcher.PluginsManifest@main/plugins.json
17:21:28.0284+07:00 - INFO  - CommunityPluginSource.FetchAsync - Loading plugins from https://gcore.jsdelivr.net/gh/Flow-Launcher/Flow.Launcher.PluginsManifest@main/plugins.json
17:21:28.0284+07:00 - INFO  - CommunityPluginSource.FetchAsync - Loading plugins from https://cdn.jsdelivr.net/gh/Flow-Launcher/Flow.Launcher.PluginsManifest@main/plugins.json
17:21:28.0291+07:00 - INFO  - CommunityPluginSource.FetchAsync - Loading plugins from https://raw.githubusercontent.com/Flow-Launcher/Flow.Launcher.PluginsManifest/main/plugins.json
17:21:29.6190+07:00 - INFO  - CommunityPluginSource.FetchAsync - Loaded 357 plugins from https://raw.githubusercontent.com/Flow-Launcher/Flow.Launcher.PluginsManifest/main/plugins.json
17:21:31.2751+07:00 - INFO  - ImageLoader.InitializeAsync - Preload images cost <3131ms>
17:21:31.2834+07:00 - INFO  - ImageLoader.InitializeAsync - Number of preload images is <150>, Images Number: 150, Unique Items 75
17:21:31.4059+07:00 - INFO  - App.OnStartup - End Flow Launcher startup ------------------------------------------------------
17:21:31.4059+07:00 - INFO  - App.OnStartup - Begin plugin initialization ----------------------------------------------------
17:21:33.8594+07:00 - INFO  - App.OnStartup - Startup cost <6948ms>
17:21:33.8594+07:00 - INFO  - PluginManager.InitializePluginsAsync - Total init cost for <Plugin Indicator> is <76ms>
17:21:33.8594+07:00 - INFO  - PluginManager.InitializePluginsAsync - Total init cost for <Plugins Manager> is <346ms>
17:21:33.8767+07:00 - INFO  - PluginManager.InitializePluginsAsync - Total init cost for <URL> is <93ms>
17:21:33.8767+07:00 - INFO  - PluginManager.InitializePluginsAsync - Total init cost for <System Commands> is <224ms>
17:21:33.8767+07:00 - INFO  - PluginManager.InitializePluginsAsync - Total init cost for <Web Searches> is <172ms>
17:21:33.9018+07:00 - INFO  - PluginManager.InitializePluginsAsync - Total init cost for <Windows Settings> is <261ms>
17:21:34.0310+07:00 - INFO  - PluginManager.InitializePluginsAsync - Total init cost for <Process Killer> is <288ms>
17:21:34.0310+07:00 - INFO  - PluginManager.InitializePluginsAsync - Total init cost for <Shell> is <401ms>
17:21:34.0729+07:00 - INFO  - PluginManager.InitializePluginsAsync - Total init cost for <Calculator> is <360ms>
17:21:34.0729+07:00 - INFO  - PluginManager.InitializePluginsAsync - Total init cost for <Browser Bookmarks> is <429ms>
17:21:34.0878+07:00 - INFO  - PluginManager.InitializePluginsAsync - Total init cost for <Explorer> is <527ms>
17:21:34.0927+07:00 - INFO  - Main.InitAsync - Preload programs cost <22ms>
17:21:34.0927+07:00 - INFO  - Main.InitAsync - Number of preload win32 programs <102>
17:21:34.0927+07:00 - INFO  - Main.InitAsync - Number of preload uwps <6>
17:21:34.1205+07:00 - INFO  - PluginManager.InitializePluginsAsync - Total init cost for <Program> is <395ms>
17:21:34.3581+07:00 - INFO  - App.OnStartup - End plugin initialization ------------------------------------------------------
17:21:34.3581+07:00 - INFO  - App.OnStartup - Startup cost <2952ms>
17:35:58.4236+07:00 - ERROR -  - ------------- BEGIN Flow.Launcher.Plugin.Program exception -------------
17:35:58.4236+07:00 - ERROR -  - 
Exception full name: System.Runtime.InteropServices.COMException
Error status: UNKNOWN
Class name: ShellLinkReader
Calling method: retrieveDescription
Program path: C:\Users\Tateisukan\AppData\Roaming\Microsoft\Windows\Start Menu\Programs\System Tools\computer.lnk
InnerException number: 1
Exception message: Unexpected HRESULT has been returned from a call to a COM component.
Exception error type: HResult -2147467259
Exception thrown in called method: Void GetDescription(Windows.Win32.Foundation.PWSTR, Int32)
Possible interpretation of the error: Error caused likely due to trying to get the description of the program
Possible resolution: Not yet known
17:35:58.4236+07:00 - ERROR -  - ------------- END Flow.Launcher.Plugin.Program exception -------------
17:35:58.4236+07:00 - ERROR -  - ------------- BEGIN Flow.Launcher.Plugin.Program exception -------------
17:35:58.4236+07:00 - ERROR -  - 
Exception full name: System.Runtime.InteropServices.COMException
Error status: UNKNOWN
Class name: ShellLinkReader
Calling method: retrieveDescription
Program path: C:\Users\Tateisukan\AppData\Roaming\Microsoft\Windows\Start Menu\Programs\System Tools\Control Panel.lnk
InnerException number: 1
Exception message: Unexpected HRESULT has been returned from a call to a COM component.
Exception error type: HResult -2147467259
Exception thrown in called method: Void GetDescription(Windows.Win32.Foundation.PWSTR, Int32)
Possible interpretation of the error: Error caused likely due to trying to get the description of the program
Possible resolution: Not yet known
17:35:58.4236+07:00 - ERROR -  - ------------- END Flow.Launcher.Plugin.Program exception -------------
17:35:58.4426+07:00 - ERROR -  - ------------- BEGIN Flow.Launcher.Plugin.Program exception -------------
17:35:58.4426+07:00 - ERROR -  - 
Exception full name: System.Runtime.InteropServices.COMException
Error status: UNKNOWN
Class name: ShellLinkReader
Calling method: retrieveDescription
Program path: C:\Users\Tateisukan\AppData\Roaming\Microsoft\Windows\Start Menu\Programs\System Tools\Run.lnk
InnerException number: 1
Exception message: Unexpected HRESULT has been returned from a call to a COM component.
Exception error type: HResult -2147467259
Exception thrown in called method: Void GetDescription(Windows.Win32.Foundation.PWSTR, Int32)
Possible interpretation of the error: Error caused likely due to trying to get the description of the program
Possible resolution: Not yet known
17:35:58.4426+07:00 - ERROR -  - ------------- END Flow.Launcher.Plugin.Program exception -------------
17:35:58.5722+07:00 - ERROR -  - ------------- BEGIN Flow.Launcher.Plugin.Program exception -------------
17:35:58.5722+07:00 - ERROR -  - 
Exception full name: System.Runtime.InteropServices.COMException
Error status: UNKNOWN
Class name: ShellLinkReader
Calling method: retrieveDescription
Program path: C:\ProgramData\Microsoft\Windows\Start Menu\Programs\Accessories\Windows Media Player.lnk
InnerException number: 1
Exception message: Unexpected HRESULT has been returned from a call to a COM component.
Exception error type: HResult -2147467259
Exception thrown in called method: Void GetDescription(Windows.Win32.Foundation.PWSTR, Int32)
Possible interpretation of the error: Error caused likely due to trying to get the description of the program
Possible resolution: Not yet known
17:35:58.5722+07:00 - ERROR -  - ------------- END Flow.Launcher.Plugin.Program exception -------------
17:36:01.9267+07:00 - ERROR -  - ------------- BEGIN Flow.Launcher.Plugin.Program exception -------------
17:36:01.9267+07:00 - ERROR -  - 
Exception full name: System.Runtime.InteropServices.COMException
Error status: UNKNOWN
Class name: ShellLinkReader
Calling method: retrieveDescription
Program path: C:\Users\Tateisukan\AppData\Roaming\Microsoft\Windows\Start Menu\Programs\System Tools\computer.lnk
InnerException number: 1
Exception message: Unexpected HRESULT has been returned from a call to a COM component.
Exception error type: HResult -2147467259
Exception thrown in called method: Void GetDescription(Windows.Win32.Foundation.PWSTR, Int32)
Possible interpretation of the error: Error caused likely due to trying to get the description of the program
Possible resolution: Not yet known
17:36:01.9267+07:00 - ERROR -  - ------------- END Flow.Launcher.Plugin.Program exception -------------
17:36:01.9267+07:00 - ERROR -  - ------------- BEGIN Flow.Launcher.Plugin.Program exception -------------
17:36:01.9267+07:00 - ERROR -  - 
Exception full name: System.Runtime.InteropServices.COMException
Error status: UNKNOWN
Class name: ShellLinkReader
Calling method: retrieveDescription
Program path: C:\Users\Tateisukan\AppData\Roaming\Microsoft\Windows\Start Menu\Programs\System Tools\Control Panel.lnk
InnerException number: 1
Exception message: Unexpected HRESULT has been returned from a call to a COM component.
Exception error type: HResult -2147467259
Exception thrown in called method: Void GetDescription(Windows.Win32.Foundation.PWSTR, Int32)
Possible interpretation of the error: Error caused likely due to trying to get the description of the program
Possible resolution: Not yet known
17:36:01.9267+07:00 - ERROR -  - ------------- END Flow.Launcher.Plugin.Program exception -------------
17:36:01.9490+07:00 - ERROR -  - ------------- BEGIN Flow.Launcher.Plugin.Program exception -------------
17:36:01.9490+07:00 - ERROR -  - 
Exception full name: System.Runtime.InteropServices.COMException
Error status: UNKNOWN
Class name: ShellLinkReader
Calling method: retrieveDescription
Program path: C:\Users\Tateisukan\AppData\Roaming\Microsoft\Windows\Start Menu\Programs\System Tools\Run.lnk
InnerException number: 1
Exception message: Unexpected HRESULT has been returned from a call to a COM component.
Exception error type: HResult -2147467259
Exception thrown in called method: Void GetDescription(Windows.Win32.Foundation.PWSTR, Int32)
Possible interpretation of the error: Error caused likely due to trying to get the description of the program
Possible resolution: Not yet known
17:36:01.9490+07:00 - ERROR -  - ------------- END Flow.Launcher.Plugin.Program exception -------------
17:36:02.0857+07:00 - ERROR -  - ------------- BEGIN Flow.Launcher.Plugin.Program exception -------------
17:36:02.0857+07:00 - ERROR -  - 
Exception full name: System.Runtime.InteropServices.COMException
Error status: UNKNOWN
Class name: ShellLinkReader
Calling method: retrieveDescription
Program path: C:\ProgramData\Microsoft\Windows\Start Menu\Programs\Accessories\Windows Media Player.lnk
InnerException number: 1
Exception message: Unexpected HRESULT has been returned from a call to a COM component.
Exception error type: HResult -2147467259
Exception thrown in called method: Void GetDescription(Windows.Win32.Foundation.PWSTR, Int32)
Possible interpretation of the error: Error caused likely due to trying to get the description of the program
Possible resolution: Not yet known
17:36:02.0857+07:00 - ERROR -  - ------------- END Flow.Launcher.Plugin.Program exception -------------
17:36:04.4114+07:00 - ERROR -  - ------------- BEGIN Flow.Launcher.Plugin.Program exception -------------
17:36:04.4114+07:00 - ERROR -  - 
Exception full name: System.Runtime.InteropServices.COMException
Error status: UNKNOWN
Class name: ShellLinkReader
Calling method: retrieveDescription
Program path: C:\Users\Tateisukan\AppData\Roaming\Microsoft\Windows\Start Menu\Programs\System Tools\computer.lnk
InnerException number: 1
Exception message: Unexpected HRESULT has been returned from a call to a COM component.
Exception error type: HResult -2147467259
Exception thrown in called method: Void GetDescription(Windows.Win32.Foundation.PWSTR, Int32)
Possible interpretation of the error: Error caused likely due to trying to get the description of the program
Possible resolution: Not yet known
17:36:04.4114+07:00 - ERROR -  - ------------- END Flow.Launcher.Plugin.Program exception -------------
17:36:04.4114+07:00 - ERROR -  - ------------- BEGIN Flow.Launcher.Plugin.Program exception -------------
17:36:04.4114+07:00 - ERROR -  - 
Exception full name: System.Runtime.InteropServices.COMException
Error status: UNKNOWN
Class name: ShellLinkReader
Calling method: retrieveDescription
Program path: C:\Users\Tateisukan\AppData\Roaming\Microsoft\Windows\Start Menu\Programs\System Tools\Control Panel.lnk
InnerException number: 1
Exception message: Unexpected HRESULT has been returned from a call to a COM component.
Exception error type: HResult -2147467259
Exception thrown in called method: Void GetDescription(Windows.Win32.Foundation.PWSTR, Int32)
Possible interpretation of the error: Error caused likely due to trying to get the description of the program
Possible resolution: Not yet known
17:36:04.4114+07:00 - ERROR -  - ------------- END Flow.Launcher.Plugin.Program exception -------------
17:36:04.4306+07:00 - ERROR -  - ------------- BEGIN Flow.Launcher.Plugin.Program exception -------------
17:36:04.4306+07:00 - ERROR -  - 
Exception full name: System.Runtime.InteropServices.COMException
Error status: UNKNOWN
Class name: ShellLinkReader
Calling method: retrieveDescription
Program path: C:\Users\Tateisukan\AppData\Roaming\Microsoft\Windows\Start Menu\Programs\System Tools\Run.lnk
InnerException number: 1
Exception message: Unexpected HRESULT has been returned from a call to a COM component.
Exception error type: HResult -2147467259
Exception thrown in called method: Void GetDescription(Windows.Win32.Foundation.PWSTR, Int32)
Possible interpretation of the error: Error caused likely due to trying to get the description of the program
Possible resolution: Not yet known
17:36:04.4306+07:00 - ERROR -  - ------------- END Flow.Launcher.Plugin.Program exception -------------
17:36:04.5436+07:00 - ERROR -  - ------------- BEGIN Flow.Launcher.Plugin.Program exception -------------
17:36:04.5436+07:00 - ERROR -  - 
Exception full name: System.Runtime.InteropServices.COMException
Error status: UNKNOWN
Class name: ShellLinkReader
Calling method: retrieveDescription
Program path: C:\ProgramData\Microsoft\Windows\Start Menu\Programs\Accessories\Windows Media Player.lnk
InnerException number: 1
Exception message: Unexpected HRESULT has been returned from a call to a COM component.
Exception error type: HResult -2147467259
Exception thrown in called method: Void GetDescription(Windows.Win32.Foundation.PWSTR, Int32)
Possible interpretation of the error: Error caused likely due to trying to get the description of the program
Possible resolution: Not yet known
17:36:04.5436+07:00 - ERROR -  - ------------- END Flow.Launcher.Plugin.Program exception -------------
17:36:18.9182+07:00 - ERROR -  - ------------- BEGIN Flow.Launcher.Plugin.Program exception -------------
17:36:18.9182+07:00 - ERROR -  - 
Exception full name: System.Runtime.InteropServices.COMException
Error status: UNKNOWN
Class name: ShellLinkReader
Calling method: retrieveDescription
Program path: C:\Users\Tateisukan\AppData\Roaming\Microsoft\Windows\Start Menu\Programs\System Tools\computer.lnk
InnerException number: 1
Exception message: Unexpected HRESULT has been returned from a call to a COM component.
Exception error type: HResult -2147467259
Exception thrown in called method: Void GetDescription(Windows.Win32.Foundation.PWSTR, Int32)
Possible interpretation of the error: Error caused likely due to trying to get the description of the program
Possible resolution: Not yet known
17:36:18.9182+07:00 - ERROR -  - ------------- END Flow.Launcher.Plugin.Program exception -------------
17:36:18.9245+07:00 - ERROR -  - ------------- BEGIN Flow.Launcher.Plugin.Program exception -------------
17:36:18.9245+07:00 - ERROR -  - 
Exception full name: System.Runtime.InteropServices.COMException
Error status: UNKNOWN
Class name: ShellLinkReader
Calling method: retrieveDescription
Program path: C:\Users\Tateisukan\AppData\Roaming\Microsoft\Windows\Start Menu\Programs\System Tools\Control Panel.lnk
InnerException number: 1
Exception message: Unexpected HRESULT has been returned from a call to a COM component.
Exception error type: HResult -2147467259
Exception thrown in called method: Void GetDescription(Windows.Win32.Foundation.PWSTR, Int32)
Possible interpretation of the error: Error caused likely due to trying to get the description of the program
Possible resolution: Not yet known
17:36:18.9245+07:00 - ERROR -  - ------------- END Flow.Launcher.Plugin.Program exception -------------
17:36:18.9360+07:00 - ERROR -  - ------------- BEGIN Flow.Launcher.Plugin.Program exception -------------
17:36:18.9360+07:00 - ERROR -  - 
Exception full name: System.Runtime.InteropServices.COMException
Error status: UNKNOWN
Class name: ShellLinkReader
Calling method: retrieveDescription
Program path: C:\Users\Tateisukan\AppData\Roaming\Microsoft\Windows\Start Menu\Programs\System Tools\Run.lnk
InnerException number: 1
Exception message: Unexpected HRESULT has been returned from a call to a COM component.
Exception error type: HResult -2147467259
Exception thrown in called method: Void GetDescription(Windows.Win32.Foundation.PWSTR, Int32)
Possible interpretation of the error: Error caused likely due to trying to get the description of the program
Possible resolution: Not yet known
17:36:18.9360+07:00 - ERROR -  - ------------- END Flow.Launcher.Plugin.Program exception -------------
17:36:19.0429+07:00 - ERROR -  - ------------- BEGIN Flow.Launcher.Plugin.Program exception -------------
17:36:19.0429+07:00 - ERROR -  - 
Exception full name: System.Runtime.InteropServices.COMException
Error status: UNKNOWN
Class name: ShellLinkReader
Calling method: retrieveDescription
Program path: C:\ProgramData\Microsoft\Windows\Start Menu\Programs\Accessories\Windows Media Player.lnk
InnerException number: 1
Exception message: Unexpected HRESULT has been returned from a call to a COM component.
Exception error type: HResult -2147467259
Exception thrown in called method: Void GetDescription(Windows.Win32.Foundation.PWSTR, Int32)
Possible interpretation of the error: Error caused likely due to trying to get the description of the program
Possible resolution: Not yet known
17:36:19.0429+07:00 - ERROR -  - ------------- END Flow.Launcher.Plugin.Program exception -------------
17:36:29.9911+07:00 - ERROR -  - ------------- BEGIN Flow.Launcher.Plugin.Program exception -------------
17:36:29.9911+07:00 - ERROR -  - 
Exception full name: System.Runtime.InteropServices.COMException
Error status: UNKNOWN
Class name: ShellLinkReader
Calling method: retrieveDescription
Program path: C:\Users\Tateisukan\AppData\Roaming\Microsoft\Windows\Start Menu\Programs\System Tools\computer.lnk
InnerException number: 1
Exception message: Unexpected HRESULT has been returned from a call to a COM component.
Exception error type: HResult -2147467259
Exception thrown in called method: Void GetDescription(Windows.Win32.Foundation.PWSTR, Int32)
Possible interpretation of the error: Error caused likely due to trying to get the description of the program
Possible resolution: Not yet known
17:36:29.9911+07:00 - ERROR -  - ------------- END Flow.Launcher.Plugin.Program exception -------------
17:36:29.9911+07:00 - ERROR -  - ------------- BEGIN Flow.Launcher.Plugin.Program exception -------------
17:36:29.9911+07:00 - ERROR -  - 
Exception full name: System.Runtime.InteropServices.COMException
Error status: UNKNOWN
Class name: ShellLinkReader
Calling method: retrieveDescription
Program path: C:\Users\Tateisukan\AppData\Roaming\Microsoft\Windows\Start Menu\Programs\System Tools\Control Panel.lnk
InnerException number: 1
Exception message: Unexpected HRESULT has been returned from a call to a COM component.
Exception error type: HResult -2147467259
Exception thrown in called method: Void GetDescription(Windows.Win32.Foundation.PWSTR, Int32)
Possible interpretation of the error: Error caused likely due to trying to get the description of the program
Possible resolution: Not yet known
17:36:29.9911+07:00 - ERROR -  - ------------- END Flow.Launcher.Plugin.Program exception -------------
17:36:30.0074+07:00 - ERROR -  - ------------- BEGIN Flow.Launcher.Plugin.Program exception -------------
17:36:30.0074+07:00 - ERROR -  - 
Exception full name: System.Runtime.InteropServices.COMException
Error status: UNKNOWN
Class name: ShellLinkReader
Calling method: retrieveDescription
Program path: C:\Users\Tateisukan\AppData\Roaming\Microsoft\Windows\Start Menu\Programs\System Tools\Run.lnk
InnerException number: 1
Exception message: Unexpected HRESULT has been returned from a call to a COM component.
Exception error type: HResult -2147467259
Exception thrown in called method: Void GetDescription(Windows.Win32.Foundation.PWSTR, Int32)
Possible interpretation of the error: Error caused likely due to trying to get the description of the program
Possible resolution: Not yet known
17:36:30.0074+07:00 - ERROR -  - ------------- END Flow.Launcher.Plugin.Program exception -------------
17:36:30.0985+07:00 - ERROR -  - ------------- BEGIN Flow.Launcher.Plugin.Program exception -------------
17:36:30.0985+07:00 - ERROR -  - 
Exception full name: System.Runtime.InteropServices.COMException
Error status: UNKNOWN
Class name: ShellLinkReader
Calling method: retrieveDescription
Program path: C:\ProgramData\Microsoft\Windows\Start Menu\Programs\Accessories\Windows Media Player.lnk
InnerException number: 1
Exception message: Unexpected HRESULT has been returned from a call to a COM component.
Exception error type: HResult -2147467259
Exception thrown in called method: Void GetDescription(Windows.Win32.Foundation.PWSTR, Int32)
Possible interpretation of the error: Error caused likely due to trying to get the description of the program
Possible resolution: Not yet known
17:36:30.0985+07:00 - ERROR -  - ------------- END Flow.Launcher.Plugin.Program exception -------------
17:38:29.8738+07:00 - ERROR -  - ------------- BEGIN Flow.Launcher.Plugin.Program exception -------------
17:38:29.8738+07:00 - ERROR -  - 
Exception full name: System.Runtime.InteropServices.COMException
Error status: UNKNOWN
Class name: ShellLinkReader
Calling method: retrieveDescription
Program path: C:\Users\Tateisukan\AppData\Roaming\Microsoft\Windows\Start Menu\Programs\System Tools\computer.lnk
InnerException number: 1
Exception message: Unexpected HRESULT has been returned from a call to a COM component.
Exception error type: HResult -2147467259
Exception thrown in called method: Void GetDescription(Windows.Win32.Foundation.PWSTR, Int32)
Possible interpretation of the error: Error caused likely due to trying to get the description of the program
Possible resolution: Not yet known
17:38:29.8738+07:00 - ERROR -  - ------------- END Flow.Launcher.Plugin.Program exception -------------
17:38:29.8738+07:00 - ERROR -  - ------------- BEGIN Flow.Launcher.Plugin.Program exception -------------
17:38:29.8738+07:00 - ERROR -  - 
Exception full name: System.Runtime.InteropServices.COMException
Error status: UNKNOWN
Class name: ShellLinkReader
Calling method: retrieveDescription
Program path: C:\Users\Tateisukan\AppData\Roaming\Microsoft\Windows\Start Menu\Programs\System Tools\Control Panel.lnk
InnerException number: 1
Exception message: Unexpected HRESULT has been returned from a call to a COM component.
Exception error type: HResult -2147467259
Exception thrown in called method: Void GetDescription(Windows.Win32.Foundation.PWSTR, Int32)
Possible interpretation of the error: Error caused likely due to trying to get the description of the program
Possible resolution: Not yet known
17:38:29.8738+07:00 - ERROR -  - ------------- END Flow.Launcher.Plugin.Program exception -------------
17:38:29.8942+07:00 - ERROR -  - ------------- BEGIN Flow.Launcher.Plugin.Program exception -------------
17:38:29.8942+07:00 - ERROR -  - 
Exception full name: System.Runtime.InteropServices.COMException
Error status: UNKNOWN
Class name: ShellLinkReader
Calling method: retrieveDescription
Program path: C:\Users\Tateisukan\AppData\Roaming\Microsoft\Windows\Start Menu\Programs\System Tools\Run.lnk
InnerException number: 1
Exception message: Unexpected HRESULT has been returned from a call to a COM component.
Exception error type: HResult -2147467259
Exception thrown in called method: Void GetDescription(Windows.Win32.Foundation.PWSTR, Int32)
Possible interpretation of the error: Error caused likely due to trying to get the description of the program
Possible resolution: Not yet known
17:38:29.8942+07:00 - ERROR -  - ------------- END Flow.Launcher.Plugin.Program exception -------------
17:38:30.0080+07:00 - ERROR -  - ------------- BEGIN Flow.Launcher.Plugin.Program exception -------------
17:38:30.0080+07:00 - ERROR -  - 
Exception full name: System.Runtime.InteropServices.COMException
Error status: UNKNOWN
Class name: ShellLinkReader
Calling method: retrieveDescription
Program path: C:\ProgramData\Microsoft\Windows\Start Menu\Programs\Accessories\Windows Media Player.lnk
InnerException number: 1
Exception message: Unexpected HRESULT has been returned from a call to a COM component.
Exception error type: HResult -2147467259
Exception thrown in called method: Void GetDescription(Windows.Win32.Foundation.PWSTR, Int32)
Possible interpretation of the error: Error caused likely due to trying to get the description of the program
Possible resolution: Not yet known
17:38:30.0080+07:00 - ERROR -  - ------------- END Flow.Launcher.Plugin.Program exception -------------
17:40:00.3832+07:00 - ERROR -  - ------------- BEGIN Flow.Launcher.Plugin.Program exception -------------
17:40:00.3832+07:00 - ERROR -  - 
Exception full name: System.Runtime.InteropServices.COMException
Error status: UNKNOWN
Class name: ShellLinkReader
Calling method: retrieveDescription
Program path: C:\Users\Tateisukan\AppData\Roaming\Microsoft\Windows\Start Menu\Programs\System Tools\computer.lnk
InnerException number: 1
Exception message: Unexpected HRESULT has been returned from a call to a COM component.
Exception error type: HResult -2147467259
Exception thrown in called method: Void GetDescription(Windows.Win32.Foundation.PWSTR, Int32)
Possible interpretation of the error: Error caused likely due to trying to get the description of the program
Possible resolution: Not yet known
17:40:00.3832+07:00 - ERROR -  - ------------- END Flow.Launcher.Plugin.Program exception -------------
17:40:00.3890+07:00 - ERROR -  - ------------- BEGIN Flow.Launcher.Plugin.Program exception -------------
17:40:00.3890+07:00 - ERROR -  - 
Exception full name: System.Runtime.InteropServices.COMException
Error status: UNKNOWN
Class name: ShellLinkReader
Calling method: retrieveDescription
Program path: C:\Users\Tateisukan\AppData\Roaming\Microsoft\Windows\Start Menu\Programs\System Tools\Control Panel.lnk
InnerException number: 1
Exception message: Unexpected HRESULT has been returned from a call to a COM component.
Exception error type: HResult -2147467259
Exception thrown in called method: Void GetDescription(Windows.Win32.Foundation.PWSTR, Int32)
Possible interpretation of the error: Error caused likely due to trying to get the description of the program
Possible resolution: Not yet known
17:40:00.3890+07:00 - ERROR -  - ------------- END Flow.Launcher.Plugin.Program exception -------------
17:40:00.3890+07:00 - ERROR -  - ------------- BEGIN Flow.Launcher.Plugin.Program exception -------------
17:40:00.3890+07:00 - ERROR -  - 
Exception full name: System.Runtime.InteropServices.COMException
Error status: UNKNOWN
Class name: ShellLinkReader
Calling method: retrieveDescription
Program path: C:\Users\Tateisukan\AppData\Roaming\Microsoft\Windows\Start Menu\Programs\System Tools\Run.lnk
InnerException number: 1
Exception message: Unexpected HRESULT has been returned from a call to a COM component.
Exception error type: HResult -2147467259
Exception thrown in called method: Void GetDescription(Windows.Win32.Foundation.PWSTR, Int32)
Possible interpretation of the error: Error caused likely due to trying to get the description of the program
Possible resolution: Not yet known
17:40:00.3890+07:00 - ERROR -  - ------------- END Flow.Launcher.Plugin.Program exception -------------
17:40:00.4913+07:00 - ERROR -  - ------------- BEGIN Flow.Launcher.Plugin.Program exception -------------
17:40:00.4913+07:00 - ERROR -  - 
Exception full name: System.Runtime.InteropServices.COMException
Error status: UNKNOWN
Class name: ShellLinkReader
Calling method: retrieveDescription
Program path: C:\ProgramData\Microsoft\Windows\Start Menu\Programs\Accessories\Windows Media Player.lnk
InnerException number: 1
Exception message: Unexpected HRESULT has been returned from a call to a COM component.
Exception error type: HResult -2147467259
Exception thrown in called method: Void GetDescription(Windows.Win32.Foundation.PWSTR, Int32)
Possible interpretation of the error: Error caused likely due to trying to get the description of the program
Possible resolution: Not yet known
17:40:00.4913+07:00 - ERROR -  - ------------- END Flow.Launcher.Plugin.Program exception -------------
17:45:37.5319+07:00 - INFO  - App.RegisterExitEvents - Session Ending
17:46:04.7461+07:00 - INFO  - App.OnStartup - Begin Flow Launcher startup ----------------------------------------------------
17:46:04.7490+07:00 - INFO  - App.OnStartup - Runtime info:
Flow Launcher version: 2.1.3
OS Version: 19044.7663
IntPtr Length: 8
x64: True
17:46:04.7490+07:00 - INFO  - CommunityPluginSource.FetchAsync - Loading plugins from https://fastly.jsdelivr.net/gh/Flow-Launcher/Flow.Launcher.PluginsManifest@main/plugins.json
17:46:04.7906+07:00 - INFO  - CommunityPluginSource.FetchAsync - Loading plugins from https://gcore.jsdelivr.net/gh/Flow-Launcher/Flow.Launcher.PluginsManifest@main/plugins.json
17:46:04.7906+07:00 - INFO  - CommunityPluginSource.FetchAsync - Loading plugins from https://cdn.jsdelivr.net/gh/Flow-Launcher/Flow.Launcher.PluginsManifest@main/plugins.json
17:46:04.7906+07:00 - INFO  - CommunityPluginSource.FetchAsync - Loading plugins from https://raw.githubusercontent.com/Flow-Launcher/Flow.Launcher.PluginsManifest/main/plugins.json
17:46:05.7272+07:00 - INFO  - CommunityPluginSource.FetchAsync - Loaded 357 plugins from https://cdn.jsdelivr.net/gh/Flow-Launcher/Flow.Launcher.PluginsManifest@main/plugins.json
17:46:05.7272+07:00 - WARN  - CommunityPluginSource.FetchAsync - Failed to load resource https://fastly.jsdelivr.net/gh/Flow-Launcher/Flow.Launcher.PluginsManifest@main/plugins.json with response InternalServerError
17:46:05.7272+07:00 - WARN  - CommunityPluginSource.FetchAsync - Failed to load resource https://gcore.jsdelivr.net/gh/Flow-Launcher/Flow.Launcher.PluginsManifest@main/plugins.json with response InternalServerError
17:46:06.8526+07:00 - INFO  - App.OnStartup - End Flow Launcher startup ------------------------------------------------------
17:46:06.8526+07:00 - INFO  - App.OnStartup - Begin plugin initialization ----------------------------------------------------
17:46:06.9292+07:00 - INFO  - App.OnStartup - Startup cost <2321ms>
17:46:06.9292+07:00 - INFO  - PluginManager.InitializePluginsAsync - Total init cost for <Plugin Indicator> is <4ms>
17:46:06.9292+07:00 - INFO  - PluginManager.InitializePluginsAsync - Total init cost for <Plugins Manager> is <6ms>
17:46:06.9368+07:00 - INFO  - PluginManager.InitializePluginsAsync - Total init cost for <URL> is <20ms>
17:46:06.9368+07:00 - INFO  - PluginManager.InitializePluginsAsync - Total init cost for <Process Killer> is <4ms>
17:46:06.9368+07:00 - INFO  - PluginManager.InitializePluginsAsync - Total init cost for <System Commands> is <13ms>
17:46:06.9368+07:00 - INFO  - PluginManager.InitializePluginsAsync - Total init cost for <Web Searches> is <17ms>
17:46:06.9368+07:00 - INFO  - PluginManager.InitializePluginsAsync - Total init cost for <Shell> is <25ms>
17:46:06.9631+07:00 - INFO  - PluginManager.InitializePluginsAsync - Total init cost for <Windows Settings> is <35ms>
17:46:06.9631+07:00 - INFO  - PluginManager.InitializePluginsAsync - Total init cost for <Browser Bookmarks> is <38ms>
17:46:06.9786+07:00 - INFO  - PluginManager.InitializePluginsAsync - Total init cost for <Calculator> is <51ms>
17:46:06.9828+07:00 - INFO  - Main.InitAsync - Preload programs cost <21ms>
17:46:06.9828+07:00 - INFO  - Main.InitAsync - Number of preload win32 programs <93>
17:46:06.9828+07:00 - INFO  - Main.InitAsync - Number of preload uwps <5>
17:46:06.9999+07:00 - INFO  - PluginManager.InitializePluginsAsync - Total init cost for <Explorer> is <77ms>
17:46:06.9999+07:00 - INFO  - PluginManager.InitializePluginsAsync - Total init cost for <Program> is <84ms>
17:46:07.1013+07:00 - INFO  - ImageLoader.InitializeAsync - Preload images cost <2266ms>
17:46:07.1013+07:00 - INFO  - ImageLoader.InitializeAsync - Number of preload images is <150>, Images Number: 150, Unique Items 78
17:46:07.1921+07:00 - INFO  - App.OnStartup - End plugin initialization ------------------------------------------------------
17:46:07.1921+07:00 - INFO  - App.OnStartup - Startup cost <339ms>
17:49:43.4024+07:00 - ERROR -  - ------------- BEGIN Flow.Launcher.Plugin.Program exception -------------
17:49:43.4024+07:00 - ERROR -  - 
Exception full name: System.Runtime.InteropServices.COMException
Error status: UNKNOWN
Class name: ShellLinkReader
Calling method: retrieveDescription
Program path: C:\Users\Tateisukan\AppData\Roaming\Microsoft\Windows\Start Menu\Programs\System Tools\computer.lnk
InnerException number: 1
Exception message: Unexpected HRESULT has been returned from a call to a COM component.
Exception error type: HResult -2147467259
Exception thrown in called method: Void GetDescription(Windows.Win32.Foundation.PWSTR, Int32)
Possible interpretation of the error: Error caused likely due to trying to get the description of the program
Possible resolution: Not yet known
17:49:43.4024+07:00 - ERROR -  - ------------- END Flow.Launcher.Plugin.Program exception -------------
17:49:43.4127+07:00 - ERROR -  - ------------- BEGIN Flow.Launcher.Plugin.Program exception -------------
17:49:43.4127+07:00 - ERROR -  - 
Exception full name: System.Runtime.InteropServices.COMException
Error status: UNKNOWN
Class name: ShellLinkReader
Calling method: retrieveDescription
Program path: C:\Users\Tateisukan\AppData\Roaming\Microsoft\Windows\Start Menu\Programs\System Tools\Control Panel.lnk
InnerException number: 1
Exception message: Unexpected HRESULT has been returned from a call to a COM component.
Exception error type: HResult -2147467259
Exception thrown in called method: Void GetDescription(Windows.Win32.Foundation.PWSTR, Int32)
Possible interpretation of the error: Error caused likely due to trying to get the description of the program
Possible resolution: Not yet known
17:49:43.4127+07:00 - ERROR -  - ------------- END Flow.Launcher.Plugin.Program exception -------------
17:49:43.4339+07:00 - ERROR -  - ------------- BEGIN Flow.Launcher.Plugin.Program exception -------------
17:49:43.4339+07:00 - ERROR -  - 
Exception full name: System.Runtime.InteropServices.COMException
Error status: UNKNOWN
Class name: ShellLinkReader
Calling method: retrieveDescription
Program path: C:\Users\Tateisukan\AppData\Roaming\Microsoft\Windows\Start Menu\Programs\System Tools\Run.lnk
InnerException number: 1
Exception message: Unexpected HRESULT has been returned from a call to a COM component.
Exception error type: HResult -2147467259
Exception thrown in called method: Void GetDescription(Windows.Win32.Foundation.PWSTR, Int32)
Possible interpretation of the error: Error caused likely due to trying to get the description of the program
Possible resolution: Not yet known
17:49:43.4339+07:00 - ERROR -  - ------------- END Flow.Launcher.Plugin.Program exception -------------
17:49:43.5707+07:00 - ERROR -  - ------------- BEGIN Flow.Launcher.Plugin.Program exception -------------
17:49:43.5707+07:00 - ERROR -  - 
Exception full name: System.Runtime.InteropServices.COMException
Error status: UNKNOWN
Class name: ShellLinkReader
Calling method: retrieveDescription
Program path: C:\ProgramData\Microsoft\Windows\Start Menu\Programs\Accessories\Windows Media Player.lnk
InnerException number: 1
Exception message: Unexpected HRESULT has been returned from a call to a COM component.
Exception error type: HResult -2147467259
Exception thrown in called method: Void GetDescription(Windows.Win32.Foundation.PWSTR, Int32)
Possible interpretation of the error: Error caused likely due to trying to get the description of the program
Possible resolution: Not yet known
17:49:43.5707+07:00 - ERROR -  - ------------- END Flow.Launcher.Plugin.Program exception -------------
17:49:46.8695+07:00 - INFO  - App.RegisterExitEvents - Session Ending
17:50:18.3437+07:00 - INFO  - App.OnStartup - Begin Flow Launcher startup ----------------------------------------------------
17:50:18.3437+07:00 - INFO  - App.OnStartup - Runtime info:
Flow Launcher version: 2.1.3
OS Version: 19044.7663
IntPtr Length: 8
x64: True
17:50:18.3675+07:00 - INFO  - CommunityPluginSource.FetchAsync - Loading plugins from https://fastly.jsdelivr.net/gh/Flow-Launcher/Flow.Launcher.PluginsManifest@main/plugins.json
17:50:18.4012+07:00 - INFO  - CommunityPluginSource.FetchAsync - Loading plugins from https://gcore.jsdelivr.net/gh/Flow-Launcher/Flow.Launcher.PluginsManifest@main/plugins.json
17:50:18.4012+07:00 - INFO  - CommunityPluginSource.FetchAsync - Loading plugins from https://cdn.jsdelivr.net/gh/Flow-Launcher/Flow.Launcher.PluginsManifest@main/plugins.json
17:50:18.4012+07:00 - INFO  - CommunityPluginSource.FetchAsync - Loading plugins from https://raw.githubusercontent.com/Flow-Launcher/Flow.Launcher.PluginsManifest/main/plugins.json
17:50:18.7805+07:00 - INFO  - CommunityPluginSource.FetchAsync - Loaded 356 plugins from https://cdn.jsdelivr.net/gh/Flow-Launcher/Flow.Launcher.PluginsManifest@main/plugins.json
17:50:18.7805+07:00 - WARN  - CommunityPluginSource.FetchAsync - Failed to load resource https://fastly.jsdelivr.net/gh/Flow-Launcher/Flow.Launcher.PluginsManifest@main/plugins.json with response InternalServerError
17:50:18.7805+07:00 - WARN  - CommunityPluginSource.FetchAsync - Failed to load resource https://gcore.jsdelivr.net/gh/Flow-Launcher/Flow.Launcher.PluginsManifest@main/plugins.json with response InternalServerError
17:50:20.0763+07:00 - INFO  - App.OnStartup - End Flow Launcher startup ------------------------------------------------------
17:50:20.0763+07:00 - INFO  - App.OnStartup - Begin plugin initialization ----------------------------------------------------
17:50:20.1571+07:00 - INFO  - App.OnStartup - Startup cost <1987ms>
17:50:20.1571+07:00 - INFO  - PluginManager.InitializePluginsAsync - Total init cost for <Plugins Manager> is <9ms>
17:50:20.1571+07:00 - INFO  - PluginManager.InitializePluginsAsync - Total init cost for <URL> is <21ms>
17:50:20.1571+07:00 - INFO  - PluginManager.InitializePluginsAsync - Total init cost for <Plugin Indicator> is <2ms>
17:50:20.1571+07:00 - INFO  - PluginManager.InitializePluginsAsync - Total init cost for <System Commands> is <12ms>
17:50:20.1766+07:00 - INFO  - PluginManager.InitializePluginsAsync - Total init cost for <Web Searches> is <20ms>
17:50:20.1766+07:00 - INFO  - PluginManager.InitializePluginsAsync - Total init cost for <Shell> is <22ms>
17:50:20.1766+07:00 - INFO  - PluginManager.InitializePluginsAsync - Total init cost for <Process Killer> is <16ms>
17:50:20.2234+07:00 - INFO  - PluginManager.InitializePluginsAsync - Total init cost for <Windows Settings> is <66ms>
17:50:20.2234+07:00 - INFO  - PluginManager.InitializePluginsAsync - Total init cost for <Browser Bookmarks> is <71ms>
17:50:20.2393+07:00 - INFO  - PluginManager.InitializePluginsAsync - Total init cost for <Calculator> is <82ms>
17:50:20.2393+07:00 - INFO  - Main.InitAsync - Preload programs cost <47ms>
17:50:20.2393+07:00 - INFO  - Main.InitAsync - Number of preload win32 programs <93>
17:50:20.2393+07:00 - INFO  - Main.InitAsync - Number of preload uwps <5>
17:50:20.2616+07:00 - INFO  - PluginManager.InitializePluginsAsync - Total init cost for <Explorer> is <111ms>
17:50:20.2777+07:00 - INFO  - PluginManager.InitializePluginsAsync - Total init cost for <Program> is <122ms>
17:50:20.4555+07:00 - INFO  - App.OnStartup - End plugin initialization ------------------------------------------------------
17:50:20.4555+07:00 - INFO  - App.OnStartup - Startup cost <379ms>
17:50:20.8950+07:00 - INFO  - ImageLoader.InitializeAsync - Preload images cost <2433ms>
17:50:20.8950+07:00 - INFO  - ImageLoader.InitializeAsync - Number of preload images is <150>, Images Number: 150, Unique Items 80
17:51:37.0784+07:00 - INFO  - App.RegisterExitEvents - Session Ending
17:53:12.3398+07:00 - INFO  - App.OnStartup - Begin Flow Launcher startup ----------------------------------------------------
17:53:12.3398+07:00 - INFO  - App.OnStartup - Runtime info:
Flow Launcher version: 2.1.3
OS Version: 19044.7663
IntPtr Length: 8
x64: True
17:53:12.6642+07:00 - INFO  - CommunityPluginSource.FetchAsync - Loading plugins from https://fastly.jsdelivr.net/gh/Flow-Launcher/Flow.Launcher.PluginsManifest@main/plugins.json
17:53:12.6925+07:00 - INFO  - CommunityPluginSource.FetchAsync - Loading plugins from https://gcore.jsdelivr.net/gh/Flow-Launcher/Flow.Launcher.PluginsManifest@main/plugins.json
17:53:12.6925+07:00 - INFO  - CommunityPluginSource.FetchAsync - Loading plugins from https://cdn.jsdelivr.net/gh/Flow-Launcher/Flow.Launcher.PluginsManifest@main/plugins.json
17:53:12.6925+07:00 - INFO  - CommunityPluginSource.FetchAsync - Loading plugins from https://raw.githubusercontent.com/Flow-Launcher/Flow.Launcher.PluginsManifest/main/plugins.json
17:53:13.0471+07:00 - INFO  - CommunityPluginSource.FetchAsync - Loaded 356 plugins from https://cdn.jsdelivr.net/gh/Flow-Launcher/Flow.Launcher.PluginsManifest@main/plugins.json
17:53:14.5356+07:00 - INFO  - App.OnStartup - End Flow Launcher startup ------------------------------------------------------
17:53:14.5356+07:00 - INFO  - App.OnStartup - Begin plugin initialization ----------------------------------------------------
17:53:15.7547+07:00 - INFO  - ImageLoader.InitializeAsync - Preload images cost <3012ms>
17:53:15.7547+07:00 - INFO  - ImageLoader.InitializeAsync - Number of preload images is <150>, Images Number: 150, Unique Items 80
17:53:16.3841+07:00 - INFO  - App.OnStartup - Startup cost <4470ms>
17:53:16.3841+07:00 - INFO  - PluginManager.InitializePluginsAsync - Total init cost for <Plugin Indicator> is <56ms>
17:53:16.4059+07:00 - INFO  - PluginManager.InitializePluginsAsync - Total init cost for <Process Killer> is <106ms>
17:53:16.4059+07:00 - INFO  - PluginManager.InitializePluginsAsync - Total init cost for <Plugins Manager> is <236ms>
17:53:16.4059+07:00 - INFO  - PluginManager.InitializePluginsAsync - Total init cost for <System Commands> is <175ms>
17:53:16.4258+07:00 - INFO  - PluginManager.InitializePluginsAsync - Total init cost for <Windows Settings> is <183ms>
17:53:16.5209+07:00 - INFO  - PluginManager.InitializePluginsAsync - Total init cost for <URL> is <214ms>
17:53:16.5209+07:00 - INFO  - PluginManager.InitializePluginsAsync - Total init cost for <Shell> is <287ms>
17:53:16.5514+07:00 - INFO  - PluginManager.InitializePluginsAsync - Total init cost for <Web Searches> is <308ms>
17:53:16.5514+07:00 - INFO  - PluginManager.InitializePluginsAsync - Total init cost for <Browser Bookmarks> is <400ms>
17:53:16.5514+07:00 - INFO  - PluginManager.InitializePluginsAsync - Total init cost for <Calculator> is <292ms>
17:53:16.5613+07:00 - INFO  - PluginManager.InitializePluginsAsync - Total init cost for <Explorer> is <365ms>
17:53:16.6007+07:00 - INFO  - Main.InitAsync - Preload programs cost <49ms>
17:53:16.6007+07:00 - INFO  - Main.InitAsync - Number of preload win32 programs <93>
17:53:16.6007+07:00 - INFO  - Main.InitAsync - Number of preload uwps <5>
17:53:16.6411+07:00 - INFO  - PluginManager.InitializePluginsAsync - Total init cost for <Program> is <351ms>
17:53:16.9412+07:00 - INFO  - App.OnStartup - End plugin initialization ------------------------------------------------------
17:53:16.9412+07:00 - INFO  - App.OnStartup - Startup cost <2405ms>
17:54:01.1542+07:00 - ERROR - PublicAPIInstance.OpenDirectory - Failed to open folder
EXCEPTION OCCURS: System.Runtime.InteropServices.COMException (0x80070002): Failed to parse file path
   at void Flow.Launcher.Infrastructure.Win32Helper.OpenFolderAndSelectFile(string filePath) in C:/projects/flow-launcher/Flow.Launcher.Infrastructure/Win32Helper.cs:line 865
   at void Flow.Launcher.PublicAPIInstance.OpenDirectory(string directoryPath, string fileNameOrFilePath) in C:/projects/flow-launcher/Flow.Launcher/PublicAPIInstance.cs:line 361

17:55:51.8935+07:00 - INFO  - App.RegisterExitEvents - Session Ending
17:55:52.2673+07:00 - INFO  - App.RegisterExitEvents - Application Exit
17:55:52.2673+07:00 - INFO  - App.Dispose - Begin Flow Launcher dispose ----------------------------------------------------
17:55:52.2673+07:00 - INFO  - App.Dispose - End Flow Launcher dispose ----------------------------------------------------
17:55:52.2673+07:00 - INFO  - App.Dispose - Dispose cost <3ms>
17:56:22.4875+07:00 - INFO  - App.OnStartup - Begin Flow Launcher startup ----------------------------------------------------
17:56:22.4875+07:00 - INFO  - App.OnStartup - Runtime info:
Flow Launcher version: 2.1.3
OS Version: 19044.7663
IntPtr Length: 8
x64: True
17:56:22.7822+07:00 - INFO  - CommunityPluginSource.FetchAsync - Loading plugins from https://fastly.jsdelivr.net/gh/Flow-Launcher/Flow.Launcher.PluginsManifest@main/plugins.json
17:56:22.8049+07:00 - INFO  - CommunityPluginSource.FetchAsync - Loading plugins from https://gcore.jsdelivr.net/gh/Flow-Launcher/Flow.Launcher.PluginsManifest@main/plugins.json
17:56:22.8049+07:00 - INFO  - CommunityPluginSource.FetchAsync - Loading plugins from https://cdn.jsdelivr.net/gh/Flow-Launcher/Flow.Launcher.PluginsManifest@main/plugins.json
17:56:22.8065+07:00 - INFO  - CommunityPluginSource.FetchAsync - Loading plugins from https://raw.githubusercontent.com/Flow-Launcher/Flow.Launcher.PluginsManifest/main/plugins.json
17:56:23.0704+07:00 - INFO  - CommunityPluginSource.FetchAsync - Loaded 357 plugins from https://gcore.jsdelivr.net/gh/Flow-Launcher/Flow.Launcher.PluginsManifest@main/plugins.json
17:56:24.1972+07:00 - INFO  - App.OnStartup - End Flow Launcher startup ------------------------------------------------------
17:56:24.1972+07:00 - INFO  - App.OnStartup - Begin plugin initialization ----------------------------------------------------
17:56:24.8877+07:00 - INFO  - ImageLoader.InitializeAsync - Preload images cost <2043ms>
17:56:24.8877+07:00 - INFO  - ImageLoader.InitializeAsync - Number of preload images is <150>, Images Number: 150, Unique Items 81
17:56:25.5930+07:00 - INFO  - App.OnStartup - Startup cost <3395ms>
17:56:25.5930+07:00 - INFO  - PluginManager.InitializePluginsAsync - Total init cost for <Plugin Indicator> is <40ms>
17:56:25.5930+07:00 - INFO  - PluginManager.InitializePluginsAsync - Total init cost for <Process Killer> is <78ms>
17:56:25.6034+07:00 - INFO  - PluginManager.InitializePluginsAsync - Total init cost for <Plugins Manager> is <193ms>
17:56:25.6034+07:00 - INFO  - PluginManager.InitializePluginsAsync - Total init cost for <URL> is <65ms>
17:56:25.6034+07:00 - INFO  - PluginManager.InitializePluginsAsync - Total init cost for <System Commands> is <148ms>
17:56:25.6034+07:00 - INFO  - PluginManager.InitializePluginsAsync - Total init cost for <Web Searches> is <136ms>
17:56:25.6298+07:00 - INFO  - PluginManager.InitializePluginsAsync - Total init cost for <Windows Settings> is <150ms>
17:56:25.6947+07:00 - INFO  - PluginManager.InitializePluginsAsync - Total init cost for <Shell> is <223ms>
17:56:25.7069+07:00 - INFO  - PluginManager.InitializePluginsAsync - Total init cost for <Browser Bookmarks> is <286ms>
17:56:25.7222+07:00 - INFO  - PluginManager.InitializePluginsAsync - Total init cost for <Calculator> is <233ms>
17:56:25.7222+07:00 - INFO  - PluginManager.InitializePluginsAsync - Total init cost for <Explorer> is <268ms>
17:56:25.7355+07:00 - INFO  - Main.InitAsync - Preload programs cost <14ms>
17:56:25.7355+07:00 - INFO  - Main.InitAsync - Number of preload win32 programs <93>
17:56:25.7355+07:00 - INFO  - Main.InitAsync - Number of preload uwps <5>
17:56:25.7533+07:00 - INFO  - PluginManager.InitializePluginsAsync - Total init cost for <Program> is <237ms>
17:56:25.8585+07:00 - INFO  - App.OnStartup - End plugin initialization ------------------------------------------------------
17:56:25.8585+07:00 - INFO  - App.OnStartup - Startup cost <1661ms>
18:31:27.1490+07:00 - INFO  - App.RegisterExitEvents - Session Ending
18:32:02.4464+07:00 - INFO  - App.OnStartup - Begin Flow Launcher startup ----------------------------------------------------
18:32:02.4491+07:00 - INFO  - App.OnStartup - Runtime info:
Flow Launcher version: 2.1.3
OS Version: 19044.7663
IntPtr Length: 8
x64: True
18:32:02.7972+07:00 - INFO  - CommunityPluginSource.FetchAsync - Loading plugins from https://fastly.jsdelivr.net/gh/Flow-Launcher/Flow.Launcher.PluginsManifest@main/plugins.json
18:32:02.8255+07:00 - INFO  - CommunityPluginSource.FetchAsync - Loading plugins from https://gcore.jsdelivr.net/gh/Flow-Launcher/Flow.Launcher.PluginsManifest@main/plugins.json
18:32:02.8255+07:00 - INFO  - CommunityPluginSource.FetchAsync - Loading plugins from https://cdn.jsdelivr.net/gh/Flow-Launcher/Flow.Launcher.PluginsManifest@main/plugins.json
18:32:02.8255+07:00 - INFO  - CommunityPluginSource.FetchAsync - Loading plugins from https://raw.githubusercontent.com/Flow-Launcher/Flow.Launcher.PluginsManifest/main/plugins.json
18:32:03.1204+07:00 - INFO  - CommunityPluginSource.FetchAsync - Loaded 356 plugins from https://cdn.jsdelivr.net/gh/Flow-Launcher/Flow.Launcher.PluginsManifest@main/plugins.json
18:32:04.6168+07:00 - INFO  - App.OnStartup - End Flow Launcher startup ------------------------------------------------------
18:32:04.6168+07:00 - INFO  - App.OnStartup - Begin plugin initialization ----------------------------------------------------
18:32:05.6761+07:00 - INFO  - ImageLoader.InitializeAsync - Preload images cost <2802ms>
18:32:05.6761+07:00 - INFO  - ImageLoader.InitializeAsync - Number of preload images is <150>, Images Number: 150, Unique Items 75
18:32:06.8039+07:00 - INFO  - App.OnStartup - Startup cost <4900ms>
18:32:06.8121+07:00 - INFO  - PluginManager.InitializePluginsAsync - Total init cost for <Plugins Manager> is <243ms>
18:32:06.8121+07:00 - INFO  - PluginManager.InitializePluginsAsync - Total init cost for <Plugin Indicator> is <78ms>
18:32:06.8121+07:00 - INFO  - PluginManager.InitializePluginsAsync - Total init cost for <Process Killer> is <105ms>
18:32:06.8421+07:00 - INFO  - PluginManager.InitializePluginsAsync - Total init cost for <System Commands> is <232ms>
18:32:06.8421+07:00 - INFO  - PluginManager.InitializePluginsAsync - Total init cost for <Windows Settings> is <197ms>
18:32:06.9369+07:00 - INFO  - PluginManager.InitializePluginsAsync - Total init cost for <URL> is <222ms>
18:32:06.9369+07:00 - INFO  - PluginManager.InitializePluginsAsync - Total init cost for <Web Searches> is <356ms>
18:32:06.9369+07:00 - INFO  - PluginManager.InitializePluginsAsync - Total init cost for <Shell> is <307ms>
18:32:06.9369+07:00 - INFO  - PluginManager.InitializePluginsAsync - Total init cost for <Browser Bookmarks> is <407ms>
18:32:06.9622+07:00 - INFO  - PluginManager.InitializePluginsAsync - Total init cost for <Calculator> is <357ms>
18:32:06.9622+07:00 - INFO  - PluginManager.InitializePluginsAsync - Total init cost for <Explorer> is <376ms>
18:32:06.9622+07:00 - INFO  - Main.InitAsync - Preload programs cost <16ms>
18:32:06.9622+07:00 - INFO  - Main.InitAsync - Number of preload win32 programs <93>
18:32:06.9622+07:00 - INFO  - Main.InitAsync - Number of preload uwps <5>
18:32:06.9945+07:00 - INFO  - PluginManager.InitializePluginsAsync - Total init cost for <Program> is <286ms>
18:32:07.1622+07:00 - INFO  - App.OnStartup - End plugin initialization ------------------------------------------------------
18:32:07.1622+07:00 - INFO  - App.OnStartup - Startup cost <2545ms>
18:34:46.1133+07:00 - INFO  - App.RegisterExitEvents - Session Ending
18:35:20.2084+07:00 - INFO  - App.OnStartup - Begin Flow Launcher startup ----------------------------------------------------
18:35:20.2084+07:00 - INFO  - App.OnStartup - Runtime info:
Flow Launcher version: 2.1.3
OS Version: 19044.7663
IntPtr Length: 8
x64: True
18:35:20.2364+07:00 - INFO  - CommunityPluginSource.FetchAsync - Loading plugins from https://fastly.jsdelivr.net/gh/Flow-Launcher/Flow.Launcher.PluginsManifest@main/plugins.json
18:35:20.2755+07:00 - INFO  - CommunityPluginSource.FetchAsync - Loading plugins from https://gcore.jsdelivr.net/gh/Flow-Launcher/Flow.Launcher.PluginsManifest@main/plugins.json
18:35:20.2755+07:00 - INFO  - CommunityPluginSource.FetchAsync - Loading plugins from https://cdn.jsdelivr.net/gh/Flow-Launcher/Flow.Launcher.PluginsManifest@main/plugins.json
18:35:20.2755+07:00 - INFO  - CommunityPluginSource.FetchAsync - Loading plugins from https://raw.githubusercontent.com/Flow-Launcher/Flow.Launcher.PluginsManifest/main/plugins.json
18:35:20.5912+07:00 - INFO  - CommunityPluginSource.FetchAsync - Loaded 357 plugins from https://gcore.jsdelivr.net/gh/Flow-Launcher/Flow.Launcher.PluginsManifest@main/plugins.json
18:35:21.9518+07:00 - INFO  - App.OnStartup - End Flow Launcher startup ------------------------------------------------------
18:35:21.9518+07:00 - INFO  - App.OnStartup - Begin plugin initialization ----------------------------------------------------
18:35:22.0523+07:00 - INFO  - App.OnStartup - Startup cost <2011ms>
18:35:22.0584+07:00 - INFO  - PluginManager.InitializePluginsAsync - Total init cost for <Plugins Manager> is <6ms>
18:35:22.0584+07:00 - INFO  - PluginManager.InitializePluginsAsync - Total init cost for <System Commands> is <16ms>
18:35:22.0584+07:00 - INFO  - PluginManager.InitializePluginsAsync - Total init cost for <URL> is <50ms>
18:35:22.0744+07:00 - INFO  - PluginManager.InitializePluginsAsync - Total init cost for <Web Searches> is <23ms>
18:35:22.0744+07:00 - INFO  - PluginManager.InitializePluginsAsync - Total init cost for <Plugin Indicator> is <1ms>
18:35:22.0744+07:00 - INFO  - PluginManager.InitializePluginsAsync - Total init cost for <Shell> is <28ms>
18:35:22.0744+07:00 - INFO  - PluginManager.InitializePluginsAsync - Total init cost for <Process Killer> is <7ms>
18:35:22.0972+07:00 - INFO  - PluginManager.InitializePluginsAsync - Total init cost for <Windows Settings> is <46ms>
18:35:22.0972+07:00 - INFO  - PluginManager.InitializePluginsAsync - Total init cost for <Browser Bookmarks> is <50ms>
18:35:22.1092+07:00 - INFO  - Main.InitAsync - Preload programs cost <20ms>
18:35:22.1092+07:00 - INFO  - Main.InitAsync - Number of preload win32 programs <93>
18:35:22.1092+07:00 - INFO  - Main.InitAsync - Number of preload uwps <5>
18:35:22.1226+07:00 - INFO  - PluginManager.InitializePluginsAsync - Total init cost for <Calculator> is <70ms>
18:35:22.1226+07:00 - INFO  - PluginManager.InitializePluginsAsync - Total init cost for <Explorer> is <88ms>
18:35:22.1433+07:00 - INFO  - PluginManager.InitializePluginsAsync - Total init cost for <Program> is <93ms>
18:35:22.3387+07:00 - INFO  - App.OnStartup - End plugin initialization ------------------------------------------------------
18:35:22.3387+07:00 - INFO  - App.OnStartup - Startup cost <387ms>
18:35:22.6634+07:00 - INFO  - ImageLoader.InitializeAsync - Preload images cost <2326ms>
18:35:22.6703+07:00 - INFO  - ImageLoader.InitializeAsync - Number of preload images is <150>, Images Number: 150, Unique Items 75
18:36:48.2724+07:00 - INFO  - Main.IndexProgramsAsync - UWPProgram index cost <404ms>
18:36:49.3065+07:00 - ERROR -  - ------------- BEGIN Flow.Launcher.Plugin.Program exception -------------
18:36:49.3065+07:00 - ERROR -  - 
Exception full name: System.Runtime.InteropServices.COMException
Error status: UNKNOWN
Class name: ShellLinkReader
Calling method: retrieveDescription
Program path: C:\Users\Tateisukan\AppData\Roaming\Microsoft\Windows\Start Menu\Programs\System Tools\computer.lnk
InnerException number: 1
Exception message: Unexpected HRESULT has been returned from a call to a COM component.
Exception error type: HResult -2147467259
Exception thrown in called method: Void GetDescription(Windows.Win32.Foundation.PWSTR, Int32)
Possible interpretation of the error: Error caused likely due to trying to get the description of the program
Possible resolution: Not yet known
18:36:49.3065+07:00 - ERROR -  - ------------- END Flow.Launcher.Plugin.Program exception -------------
18:36:49.3525+07:00 - ERROR -  - ------------- BEGIN Flow.Launcher.Plugin.Program exception -------------
18:36:49.3525+07:00 - ERROR -  - 
Exception full name: System.Runtime.InteropServices.COMException
Error status: UNKNOWN
Class name: ShellLinkReader
Calling method: retrieveDescription
Program path: C:\Users\Tateisukan\AppData\Roaming\Microsoft\Windows\Start Menu\Programs\System Tools\Control Panel.lnk
InnerException number: 1
Exception message: Unexpected HRESULT has been returned from a call to a COM component.
Exception error type: HResult -2147467259
Exception thrown in called method: Void GetDescription(Windows.Win32.Foundation.PWSTR, Int32)
Possible interpretation of the error: Error caused likely due to trying to get the description of the program
Possible resolution: Not yet known
18:36:49.3525+07:00 - ERROR -  - ------------- END Flow.Launcher.Plugin.Program exception -------------
18:36:49.3870+07:00 - ERROR -  - ------------- BEGIN Flow.Launcher.Plugin.Program exception -------------
18:36:49.3870+07:00 - ERROR -  - 
Exception full name: System.Runtime.InteropServices.COMException
Error status: UNKNOWN
Class name: ShellLinkReader
Calling method: retrieveDescription
Program path: C:\Users\Tateisukan\AppData\Roaming\Microsoft\Windows\Start Menu\Programs\System Tools\Run.lnk
InnerException number: 1
Exception message: Unexpected HRESULT has been returned from a call to a COM component.
Exception error type: HResult -2147467259
Exception thrown in called method: Void GetDescription(Windows.Win32.Foundation.PWSTR, Int32)
Possible interpretation of the error: Error caused likely due to trying to get the description of the program
Possible resolution: Not yet known
18:36:49.3870+07:00 - ERROR -  - ------------- END Flow.Launcher.Plugin.Program exception -------------
18:36:49.8266+07:00 - ERROR -  - ------------- BEGIN Flow.Launcher.Plugin.Program exception -------------
18:36:49.8266+07:00 - ERROR -  - 
Exception full name: System.Runtime.InteropServices.COMException
Error status: UNKNOWN
Class name: ShellLinkReader
Calling method: retrieveDescription
Program path: C:\ProgramData\Microsoft\Windows\Start Menu\Programs\Accessories\Windows Media Player.lnk
InnerException number: 1
Exception message: Unexpected HRESULT has been returned from a call to a COM component.
Exception error type: HResult -2147467259
Exception thrown in called method: Void GetDescription(Windows.Win32.Foundation.PWSTR, Int32)
Possible interpretation of the error: Error caused likely due to trying to get the description of the program
Possible resolution: Not yet known
18:36:49.8266+07:00 - ERROR -  - ------------- END Flow.Launcher.Plugin.Program exception -------------
18:36:50.3755+07:00 - INFO  - Main.IndexProgramsAsync - Win32Program index cost <2507ms>
18:47:09.3847+07:00 - INFO  - Updater.UpdateAppAsync - Future Release <{
  "SHA1": "0F99EF5731C38EE09F002EAB18C48344381BB098",
  "BaseUrl": null,
  "Filename": "FlowLauncher-2.1.3-full.nupkg",
  "Query": null,
  "Filesize": 101801677,
  "IsDelta": false,
  "StagingPercentage": null,
  "EntryAsString": "0F99EF5731C38EE09F002EAB18C48344381BB098 FlowLauncher-2.1.3-full.nupkg 101801677",
  "Version": {
    "Version": "2.1.3.0",
    "SpecialVersion": ""
  },
  "PackageName": "FlowLauncher"
}>
18:48:16.4545+07:00 - ERROR -  - ------------- BEGIN Flow.Launcher.Plugin.Program exception -------------
18:48:16.4545+07:00 - ERROR -  - 
Exception full name: System.Runtime.InteropServices.COMException
Error status: UNKNOWN
Class name: ShellLinkReader
Calling method: retrieveDescription
Program path: C:\Users\Tateisukan\AppData\Roaming\Microsoft\Windows\Start Menu\Programs\System Tools\computer.lnk
InnerException number: 1
Exception message: Unexpected HRESULT has been returned from a call to a COM component.
Exception error type: HResult -2147467259
Exception thrown in called method: Void GetDescription(Windows.Win32.Foundation.PWSTR, Int32)
Possible interpretation of the error: Error caused likely due to trying to get the description of the program
Possible resolution: Not yet known
18:48:16.4545+07:00 - ERROR -  - ------------- END Flow.Launcher.Plugin.Program exception -------------
18:48:16.4545+07:00 - ERROR -  - ------------- BEGIN Flow.Launcher.Plugin.Program exception -------------
18:48:16.4545+07:00 - ERROR -  - 
Exception full name: System.Runtime.InteropServices.COMException
Error status: UNKNOWN
Class name: ShellLinkReader
Calling method: retrieveDescription
Program path: C:\Users\Tateisukan\AppData\Roaming\Microsoft\Windows\Start Menu\Programs\System Tools\Control Panel.lnk
InnerException number: 1
Exception message: Unexpected HRESULT has been returned from a call to a COM component.
Exception error type: HResult -2147467259
Exception thrown in called method: Void GetDescription(Windows.Win32.Foundation.PWSTR, Int32)
Possible interpretation of the error: Error caused likely due to trying to get the description of the program
Possible resolution: Not yet known
18:48:16.4545+07:00 - ERROR -  - ------------- END Flow.Launcher.Plugin.Program exception -------------
18:48:16.4726+07:00 - ERROR -  - ------------- BEGIN Flow.Launcher.Plugin.Program exception -------------
18:48:16.4726+07:00 - ERROR -  - 
Exception full name: System.Runtime.InteropServices.COMException
Error status: UNKNOWN
Class name: ShellLinkReader
Calling method: retrieveDescription
Program path: C:\Users\Tateisukan\AppData\Roaming\Microsoft\Windows\Start Menu\Programs\System Tools\Run.lnk
InnerException number: 1
Exception message: Unexpected HRESULT has been returned from a call to a COM component.
Exception error type: HResult -2147467259
Exception thrown in called method: Void GetDescription(Windows.Win32.Foundation.PWSTR, Int32)
Possible interpretation of the error: Error caused likely due to trying to get the description of the program
Possible resolution: Not yet known
18:48:16.4726+07:00 - ERROR -  - ------------- END Flow.Launcher.Plugin.Program exception -------------
18:48:16.5728+07:00 - ERROR -  - ------------- BEGIN Flow.Launcher.Plugin.Program exception -------------
18:48:16.5728+07:00 - ERROR -  - 
Exception full name: System.Runtime.InteropServices.COMException
Error status: UNKNOWN
Class name: ShellLinkReader
Calling method: retrieveDescription
Program path: C:\ProgramData\Microsoft\Windows\Start Menu\Programs\Accessories\Windows Media Player.lnk
InnerException number: 1
Exception message: Unexpected HRESULT has been returned from a call to a COM component.
Exception error type: HResult -2147467259
Exception thrown in called method: Void GetDescription(Windows.Win32.Foundation.PWSTR, Int32)
Possible interpretation of the error: Error caused likely due to trying to get the description of the program
Possible resolution: Not yet known
18:48:16.5728+07:00 - ERROR -  - ------------- END Flow.Launcher.Plugin.Program exception -------------
18:48:18.3107+07:00 - ERROR -  - ------------- BEGIN Flow.Launcher.Plugin.Program exception -------------
18:48:18.3107+07:00 - ERROR -  - 
Exception full name: System.Runtime.InteropServices.COMException
Error status: UNKNOWN
Class name: ShellLinkReader
Calling method: retrieveDescription
Program path: C:\Users\Tateisukan\AppData\Roaming\Microsoft\Windows\Start Menu\Programs\System Tools\computer.lnk
InnerException number: 1
Exception message: Unexpected HRESULT has been returned from a call to a COM component.
Exception error type: HResult -2147467259
Exception thrown in called method: Void GetDescription(Windows.Win32.Foundation.PWSTR, Int32)
Possible interpretation of the error: Error caused likely due to trying to get the description of the program
Possible resolution: Not yet known
18:48:18.3107+07:00 - ERROR -  - ------------- END Flow.Launcher.Plugin.Program exception -------------
18:48:18.3107+07:00 - ERROR -  - ------------- BEGIN Flow.Launcher.Plugin.Program exception -------------
18:48:18.3107+07:00 - ERROR -  - 
Exception full name: System.Runtime.InteropServices.COMException
Error status: UNKNOWN
Class name: ShellLinkReader
Calling method: retrieveDescription
Program path: C:\Users\Tateisukan\AppData\Roaming\Microsoft\Windows\Start Menu\Programs\System Tools\Control Panel.lnk
InnerException number: 1
Exception message: Unexpected HRESULT has been returned from a call to a COM component.
Exception error type: HResult -2147467259
Exception thrown in called method: Void GetDescription(Windows.Win32.Foundation.PWSTR, Int32)
Possible interpretation of the error: Error caused likely due to trying to get the description of the program
Possible resolution: Not yet known
18:48:18.3107+07:00 - ERROR -  - ------------- END Flow.Launcher.Plugin.Program exception -------------
18:48:18.3378+07:00 - ERROR -  - ------------- BEGIN Flow.Launcher.Plugin.Program exception -------------
18:48:18.3378+07:00 - ERROR -  - 
Exception full name: System.Runtime.InteropServices.COMException
Error status: UNKNOWN
Class name: ShellLinkReader
Calling method: retrieveDescription
Program path: C:\Users\Tateisukan\AppData\Roaming\Microsoft\Windows\Start Menu\Programs\System Tools\Run.lnk
InnerException number: 1
Exception message: Unexpected HRESULT has been returned from a call to a COM component.
Exception error type: HResult -2147467259
Exception thrown in called method: Void GetDescription(Windows.Win32.Foundation.PWSTR, Int32)
Possible interpretation of the error: Error caused likely due to trying to get the description of the program
Possible resolution: Not yet known
18:48:18.3378+07:00 - ERROR -  - ------------- END Flow.Launcher.Plugin.Program exception -------------
18:48:18.4802+07:00 - ERROR -  - ------------- BEGIN Flow.Launcher.Plugin.Program exception -------------
18:48:18.4802+07:00 - ERROR -  - 
Exception full name: System.Runtime.InteropServices.COMException
Error status: UNKNOWN
Class name: ShellLinkReader
Calling method: retrieveDescription
Program path: C:\ProgramData\Microsoft\Windows\Start Menu\Programs\Accessories\Windows Media Player.lnk
InnerException number: 1
Exception message: Unexpected HRESULT has been returned from a call to a COM component.
Exception error type: HResult -2147467259
Exception thrown in called method: Void GetDescription(Windows.Win32.Foundation.PWSTR, Int32)
Possible interpretation of the error: Error caused likely due to trying to get the description of the program
Possible resolution: Not yet known
18:48:18.4802+07:00 - ERROR -  - ------------- END Flow.Launcher.Plugin.Program exception -------------
18:54:53.5628+07:00 - INFO  - App.RegisterExitEvents - Session Ending
18:56:07.9013+07:00 - INFO  - App.OnStartup - Begin Flow Launcher startup ----------------------------------------------------
18:56:07.9013+07:00 - INFO  - App.OnStartup - Runtime info:
Flow Launcher version: 2.1.3
OS Version: 19044.7663
IntPtr Length: 8
x64: True
18:56:07.9237+07:00 - INFO  - CommunityPluginSource.FetchAsync - Loading plugins from https://fastly.jsdelivr.net/gh/Flow-Launcher/Flow.Launcher.PluginsManifest@main/plugins.json
18:56:07.9596+07:00 - INFO  - CommunityPluginSource.FetchAsync - Loading plugins from https://gcore.jsdelivr.net/gh/Flow-Launcher/Flow.Launcher.PluginsManifest@main/plugins.json
18:56:07.9596+07:00 - INFO  - CommunityPluginSource.FetchAsync - Loading plugins from https://cdn.jsdelivr.net/gh/Flow-Launcher/Flow.Launcher.PluginsManifest@main/plugins.json
18:56:07.9596+07:00 - INFO  - CommunityPluginSource.FetchAsync - Loading plugins from https://raw.githubusercontent.com/Flow-Launcher/Flow.Launcher.PluginsManifest/main/plugins.json
18:56:08.2454+07:00 - INFO  - CommunityPluginSource.FetchAsync - Loaded 356 plugins from https://cdn.jsdelivr.net/gh/Flow-Launcher/Flow.Launcher.PluginsManifest@main/plugins.json
18:56:09.6070+07:00 - INFO  - App.OnStartup - End Flow Launcher startup ------------------------------------------------------
18:56:09.6070+07:00 - INFO  - App.OnStartup - Begin plugin initialization ----------------------------------------------------
18:56:09.6832+07:00 - INFO  - App.OnStartup - Startup cost <1951ms>
18:56:09.6832+07:00 - INFO  - PluginManager.InitializePluginsAsync - Total init cost for <Plugins Manager> is <5ms>
18:56:09.7059+07:00 - INFO  - PluginManager.InitializePluginsAsync - Total init cost for <URL> is <30ms>
18:56:09.7059+07:00 - INFO  - PluginManager.InitializePluginsAsync - Total init cost for <System Commands> is <24ms>
18:56:09.7059+07:00 - INFO  - PluginManager.InitializePluginsAsync - Total init cost for <Plugin Indicator> is <4ms>
18:56:09.7458+07:00 - INFO  - PluginManager.InitializePluginsAsync - Total init cost for <Web Searches> is <64ms>
18:56:09.7458+07:00 - INFO  - PluginManager.InitializePluginsAsync - Total init cost for <Shell> is <67ms>
18:56:09.7458+07:00 - INFO  - PluginManager.InitializePluginsAsync - Total init cost for <Browser Bookmarks> is <77ms>
18:56:09.7458+07:00 - INFO  - PluginManager.InitializePluginsAsync - Total init cost for <Windows Settings> is <76ms>
18:56:09.7731+07:00 - INFO  - PluginManager.InitializePluginsAsync - Total init cost for <Calculator> is <90ms>
18:56:09.7731+07:00 - INFO  - PluginManager.InitializePluginsAsync - Total init cost for <Process Killer> is <37ms>
18:56:09.7807+07:00 - INFO  - Main.InitAsync - Preload programs cost <23ms>
18:56:09.7807+07:00 - INFO  - Main.InitAsync - Number of preload win32 programs <95>
18:56:09.7807+07:00 - INFO  - Main.InitAsync - Number of preload uwps <5>
18:56:09.8012+07:00 - INFO  - PluginManager.InitializePluginsAsync - Total init cost for <Explorer> is <125ms>
18:56:09.8099+07:00 - INFO  - PluginManager.InitializePluginsAsync - Total init cost for <Program> is <129ms>
18:56:09.9701+07:00 - INFO  - App.OnStartup - End plugin initialization ------------------------------------------------------
18:56:09.9701+07:00 - INFO  - App.OnStartup - Startup cost <363ms>
18:56:10.4059+07:00 - INFO  - ImageLoader.InitializeAsync - Preload images cost <2358ms>
18:56:10.4059+07:00 - INFO  - ImageLoader.InitializeAsync - Number of preload images is <150>, Images Number: 150, Unique Items 98
