00:03:33.5673+07:00 - INFO  - Main.IndexProgramsAsync - UWPProgram index cost <325ms>
00:03:33.6119+07:00 - ERROR -  - ------------- BEGIN Flow.Launcher.Plugin.Program exception -------------
00:03:33.6119+07:00 - ERROR -  - 
Exception full name: System.Runtime.InteropServices.COMException
Error status: UNKNOWN
Class name: ShellLinkReader
Calling method: retrieveDescription
Program path: C:\Users\Tateisukan\AppData\Roaming\Microsoft\Windows\Start Menu\Programs\System Tools\computer.lnk
InnerException number: 1
Exception message: Unexpected HRESULT has been returned from a call to a COM component.
Exception error type: HResult -2147467259
Exception thrown in called method: Void GetDescription(Windows.Win32.Foundation.PWSTR, Int32)
Possible interpretation of the error: Error caused likely due to trying to get the description of the program
Possible resolution: Not yet known
00:03:33.6119+07:00 - ERROR -  - ------------- END Flow.Launcher.Plugin.Program exception -------------
00:03:33.6119+07:00 - ERROR -  - ------------- BEGIN Flow.Launcher.Plugin.Program exception -------------
00:03:33.6119+07:00 - ERROR -  - 
Exception full name: System.Runtime.InteropServices.COMException
Error status: UNKNOWN
Class name: ShellLinkReader
Calling method: retrieveDescription
Program path: C:\Users\Tateisukan\AppData\Roaming\Microsoft\Windows\Start Menu\Programs\System Tools\Control Panel.lnk
InnerException number: 1
Exception message: Unexpected HRESULT has been returned from a call to a COM component.
Exception error type: HResult -2147467259
Exception thrown in called method: Void GetDescription(Windows.Win32.Foundation.PWSTR, Int32)
Possible interpretation of the error: Error caused likely due to trying to get the description of the program
Possible resolution: Not yet known
00:03:33.6119+07:00 - ERROR -  - ------------- END Flow.Launcher.Plugin.Program exception -------------
00:03:33.6426+07:00 - ERROR -  - ------------- BEGIN Flow.Launcher.Plugin.Program exception -------------
00:03:33.6426+07:00 - ERROR -  - 
Exception full name: System.Runtime.InteropServices.COMException
Error status: UNKNOWN
Class name: ShellLinkReader
Calling method: retrieveDescription
Program path: C:\Users\Tateisukan\AppData\Roaming\Microsoft\Windows\Start Menu\Programs\System Tools\Run.lnk
InnerException number: 1
Exception message: Unexpected HRESULT has been returned from a call to a COM component.
Exception error type: HResult -2147467259
Exception thrown in called method: Void GetDescription(Windows.Win32.Foundation.PWSTR, Int32)
Possible interpretation of the error: Error caused likely due to trying to get the description of the program
Possible resolution: Not yet known
00:03:33.6426+07:00 - ERROR -  - ------------- END Flow.Launcher.Plugin.Program exception -------------
00:03:33.7907+07:00 - ERROR -  - ------------- BEGIN Flow.Launcher.Plugin.Program exception -------------
00:03:33.7907+07:00 - ERROR -  - 
Exception full name: System.Runtime.InteropServices.COMException
Error status: UNKNOWN
Class name: ShellLinkReader
Calling method: retrieveDescription
Program path: C:\ProgramData\Microsoft\Windows\Start Menu\Programs\Accessories\Windows Media Player.lnk
InnerException number: 1
Exception message: Unexpected HRESULT has been returned from a call to a COM component.
Exception error type: HResult -2147467259
Exception thrown in called method: Void GetDescription(Windows.Win32.Foundation.PWSTR, Int32)
Possible interpretation of the error: Error caused likely due to trying to get the description of the program
Possible resolution: Not yet known
00:03:33.7907+07:00 - ERROR -  - ------------- END Flow.Launcher.Plugin.Program exception -------------
00:03:34.0051+07:00 - INFO  - Main.IndexProgramsAsync - Win32Program index cost <762ms>
15:12:49.4416+07:00 - INFO  - CommunityPluginSource.FetchAsync - Loading plugins from https://fastly.jsdelivr.net/gh/Flow-Launcher/Flow.Launcher.PluginsManifest@main/plugins.json
15:12:49.4416+07:00 - INFO  - CommunityPluginSource.FetchAsync - Loading plugins from https://gcore.jsdelivr.net/gh/Flow-Launcher/Flow.Launcher.PluginsManifest@main/plugins.json
15:12:49.4416+07:00 - INFO  - CommunityPluginSource.FetchAsync - Loading plugins from https://cdn.jsdelivr.net/gh/Flow-Launcher/Flow.Launcher.PluginsManifest@main/plugins.json
15:12:49.4416+07:00 - INFO  - CommunityPluginSource.FetchAsync - Loading plugins from https://raw.githubusercontent.com/Flow-Launcher/Flow.Launcher.PluginsManifest/main/plugins.json
15:12:50.5581+07:00 - INFO  - CommunityPluginSource.FetchAsync - Loaded 355 plugins from https://cdn.jsdelivr.net/gh/Flow-Launcher/Flow.Launcher.PluginsManifest@main/plugins.json
